-- The C compiler identification is GNU 13.3.0
-- The CXX compiler identification is GNU 13.3.0
-- Detecting C compiler ABI info
-- Detecting C compiler ABI info - done
-- Check for working C compiler: /usr/bin/cc - skipped
-- Detecting C compile features
-- Detecting C compile features - done
-- Detecting CXX compiler ABI info
-- Detecting CXX compiler ABI info - done
-- Check for working CXX compiler: /usr/bin/c++ - skipped
-- Detecting CXX compile features
-- Detecting CXX compile features - done
-- Found ament_cmake: 2.5.6 (/opt/ros/jazzy/share/ament_cmake/cmake)
-- Found Python3: /usr/bin/python3 (found version "3.12.3") found components: Interpreter 
-- Found rosidl_default_generators: 1.6.1 (/opt/ros/jazzy/share/rosidl_default_generators/cmake)
-- Using all available rosidl_typesupport_c: rosidl_typesupport_fastrtps_c;rosidl_typesupport_introspection_c
-- Using all available rosidl_typesupport_cpp: rosidl_typesupport_fastrtps_cpp;rosidl_typesupport_introspection_cpp
-- Found rosidl_adapter: 4.6.9 (/opt/ros/jazzy/share/rosidl_adapter/cmake)
-- Found ament_cmake_ros: 0.12.1 (/opt/ros/jazzy/share/ament_cmake_ros/cmake)
-- Using all available rosidl_typesupport_c: rosidl_typesupport_fastrtps_c;rosidl_typesupport_introspection_c
-- Using all available rosidl_typesupport_cpp: rosidl_typesupport_fastrtps_cpp;rosidl_typesupport_introspection_cpp
-- Found python_cmake_module: 0.11.1 (/opt/ros/jazzy/share/python_cmake_module/cmake)
-- Found PythonExtra: /usr/bin/python3  
-- Found Python3: /usr/bin/python3 (found version "3.12.3") found components: Interpreter Development NumPy Development.Module Development.Embed 
-- Found Python3: /usr/bin/python3 (found version "3.12.3") found components: Interpreter 
-- Found ament_lint_auto: 0.17.5 (/opt/ros/jazzy/share/ament_lint_auto/cmake)
-- Added test 'cppcheck' to perform static code analysis on C / C++ code
-- Configured cppcheck include dirs: $<BUILD_INTERFACE:/home/thanhtd71/ros2_ws/src/my_robot_interfaces/build/my_robot_interfaces/rosidl_generator_c>;$<BUILD_INTERFACE:/home/thanhtd71/ros2_ws/src/my_robot_interfaces/build/my_robot_interfaces/rosidl_typesupport_fastrtps_c>;$<BUILD_INTERFACE:/home/thanhtd71/ros2_ws/src/my_robot_interfaces/build/my_robot_interfaces/rosidl_typesupport_introspection_c>;$<BUILD_INTERFACE:/home/thanhtd71/ros2_ws/src/my_robot_interfaces/build/my_robot_interfaces/rosidl_generator_cpp>;$<BUILD_INTERFACE:/home/thanhtd71/ros2_ws/src/my_robot_interfaces/build/my_robot_interfaces/rosidl_typesupport_fastrtps_cpp>;$<BUILD_INTERFACE:/home/thanhtd71/ros2_ws/src/my_robot_interfaces/build/my_robot_interfaces/rosidl_typesupport_introspection_cpp>;/home/thanhtd71/ros2_ws/src/my_robot_interfaces/build/my_robot_interfaces/rosidl_generator_c;/home/thanhtd71/ros2_ws/src/my_robot_interfaces/build/my_robot_interfaces/rosidl_generator_py
-- Configured cppcheck exclude dirs and/or files: 
-- Added test 'flake8' to check Python code syntax and style conventions
-- Configured 'flake8' exclude dirs and/or files: 
-- Added test 'lint_cmake' to check CMake code style
-- Added test 'pep257' to check Python code against some of the docstring style conventions in PEP 257
-- Added test 'uncrustify' to check C / C++ code style
-- Configured uncrustify additional arguments: 
-- Added test 'xmllint' to check XML markup files
-- Configuring done (3.3s)
-- Generating done (0.0s)
-- Build files have been written to: /home/thanhtd71/ros2_ws/src/my_robot_interfaces/build/my_robot_interfaces
[  1%] [34m[1mGenerating type hashes for ROS interfaces[0m
[  3%] [34m[1mGenerating Rust code for ROS interfaces[0m
[  3%] Built target ament_cmake_python_copy_my_robot_interfaces
running egg_info
creating my_robot_interfaces.egg-info
writing my_robot_interfaces.egg-info/PKG-INFO
writing dependency_links to my_robot_interfaces.egg-info/dependency_links.txt
writing top-level names to my_robot_interfaces.egg-info/top_level.txt
writing manifest file 'my_robot_interfaces.egg-info/SOURCES.txt'
[  3%] Built target my_robot_interfaces__rosidl_generator_type_description
[  5%] [34m[1mGenerating C code for ROS interfaces[0m
[  7%] [34m[1mGenerating C++ code for ROS interfaces[0m
[  7%] Built target my_robot_interfaces__rs
reading manifest file 'my_robot_interfaces.egg-info/SOURCES.txt'
writing manifest file 'my_robot_interfaces.egg-info/SOURCES.txt'
[  7%] Built target ament_cmake_python_build_my_robot_interfaces_egg
[  7%] Built target my_robot_interfaces__cpp
[  9%] [32mBuilding C object CMakeFiles/my_robot_interfaces__rosidl_generator_c.dir/rosidl_generator_c/my_robot_interfaces/msg/detail/hardware_status__functions.c.o[0m
[ 12%] [32mBuilding C object CMakeFiles/my_robot_interfaces__rosidl_generator_c.dir/rosidl_generator_c/my_robot_interfaces/srv/detail/reset_counter__functions.c.o[0m
[ 12%] [32mBuilding C object CMakeFiles/my_robot_interfaces__rosidl_generator_c.dir/rosidl_generator_c/my_robot_interfaces/msg/detail/hardware_status__description.c.o[0m
[ 14%] [32mBuilding C object CMakeFiles/my_robot_interfaces__rosidl_generator_c.dir/rosidl_generator_c/my_robot_interfaces/srv/detail/reset_counter__description.c.o[0m
[ 16%] [32mBuilding C object CMakeFiles/my_robot_interfaces__rosidl_generator_c.dir/rosidl_generator_c/my_robot_interfaces/srv/detail/reset_counter__type_support.c.o[0m
[ 18%] [32mBuilding C object CMakeFiles/my_robot_interfaces__rosidl_generator_c.dir/rosidl_generator_c/my_robot_interfaces/action/detail/count_until__functions.c.o[0m
[ 20%] [32mBuilding C object CMakeFiles/my_robot_interfaces__rosidl_generator_c.dir/rosidl_generator_c/my_robot_interfaces/msg/detail/hardware_status__type_support.c.o[0m
[ 21%] [32mBuilding C object CMakeFiles/my_robot_interfaces__rosidl_generator_c.dir/rosidl_generator_c/my_robot_interfaces/action/detail/count_until__description.c.o[0m
[ 23%] [32mBuilding C object CMakeFiles/my_robot_interfaces__rosidl_generator_c.dir/rosidl_generator_c/my_robot_interfaces/action/detail/count_until__type_support.c.o[0m
[ 25%] [32m[1mLinking C shared library libmy_robot_interfaces__rosidl_generator_c.so[0m
[ 25%] Built target my_robot_interfaces__rosidl_generator_c
[ 30%] [34m[1mGenerating C++ introspection for ROS interfaces[0m
[ 30%] [34m[1mGenerating C++ type support dispatch for ROS interfaces[0m
[ 30%] [34m[1mGenerating C++ type support for eProsima Fast-RTPS[0m
[ 36%] [34m[1mGenerating C type support dispatch for ROS interfaces[0m
[ 36%] [34m[1mGenerating C type support for eProsima Fast-RTPS[0m
[ 36%] [34m[1mGenerating C introspection for ROS interfaces[0m
[ 40%] [32mBuilding CXX object CMakeFiles/my_robot_interfaces__rosidl_typesupport_introspection_cpp.dir/rosidl_typesupport_introspection_cpp/my_robot_interfaces/msg/detail/hardware_status__type_support.cpp.o[0m
[ 40%] [32mBuilding CXX object CMakeFiles/my_robot_interfaces__rosidl_typesupport_introspection_cpp.dir/rosidl_typesupport_introspection_cpp/my_robot_interfaces/action/detail/count_until__type_support.cpp.o[0m
[ 41%] [32mBuilding CXX object CMakeFiles/my_robot_interfaces__rosidl_typesupport_introspection_cpp.dir/rosidl_typesupport_introspection_cpp/my_robot_interfaces/srv/detail/reset_counter__type_support.cpp.o[0m
[ 45%] [32mBuilding CXX object CMakeFiles/my_robot_interfaces__rosidl_typesupport_cpp.dir/rosidl_typesupport_cpp/my_robot_interfaces/msg/hardware_status__type_support.cpp.o[0m
[ 45%] [32mBuilding CXX object CMakeFiles/my_robot_interfaces__rosidl_typesupport_cpp.dir/rosidl_typesupport_cpp/my_robot_interfaces/srv/reset_counter__type_support.cpp.o[0m
[ 47%] [32mBuilding CXX object CMakeFiles/my_robot_interfaces__rosidl_typesupport_cpp.dir/rosidl_typesupport_cpp/my_robot_interfaces/action/count_until__type_support.cpp.o[0m
[ 49%] [32mBuilding CXX object CMakeFiles/my_robot_interfaces__rosidl_typesupport_c.dir/rosidl_typesupport_c/my_robot_interfaces/msg/hardware_status__type_support.cpp.o[0m
[ 50%] [32mBuilding CXX object CMakeFiles/my_robot_interfaces__rosidl_typesupport_c.dir/rosidl_typesupport_c/my_robot_interfaces/srv/reset_counter__type_support.cpp.o[0m
[ 52%] [32mBuilding CXX object CMakeFiles/my_robot_interfaces__rosidl_typesupport_c.dir/rosidl_typesupport_c/my_robot_interfaces/action/count_until__type_support.cpp.o[0m
[ 54%] [32m[1mLinking CXX shared library libmy_robot_interfaces__rosidl_typesupport_c.so[0m
[ 56%] [32mBuilding CXX object CMakeFiles/my_robot_interfaces__rosidl_typesupport_fastrtps_cpp.dir/rosidl_typesupport_fastrtps_cpp/my_robot_interfaces/action/detail/dds_fastrtps/count_until__type_support.cpp.o[0m
[ 60%] [32mBuilding CXX object CMakeFiles/my_robot_interfaces__rosidl_typesupport_fastrtps_cpp.dir/rosidl_typesupport_fastrtps_cpp/my_robot_interfaces/srv/detail/dds_fastrtps/reset_counter__type_support.cpp.o[0m
[ 60%] [32mBuilding CXX object CMakeFiles/my_robot_interfaces__rosidl_typesupport_fastrtps_cpp.dir/rosidl_typesupport_fastrtps_cpp/my_robot_interfaces/msg/detail/dds_fastrtps/hardware_status__type_support.cpp.o[0m
[ 61%] [32mBuilding C object CMakeFiles/my_robot_interfaces__rosidl_typesupport_introspection_c.dir/rosidl_typesupport_introspection_c/my_robot_interfaces/msg/detail/hardware_status__type_support.c.o[0m
[ 61%] Built target my_robot_interfaces__rosidl_typesupport_c
[ 63%] [32mBuilding C object CMakeFiles/my_robot_interfaces__rosidl_typesupport_introspection_c.dir/rosidl_typesupport_introspection_c/my_robot_interfaces/srv/detail/reset_counter__type_support.c.o[0m
[ 65%] [32mBuilding C object CMakeFiles/my_robot_interfaces__rosidl_typesupport_introspection_c.dir/rosidl_typesupport_introspection_c/my_robot_interfaces/action/detail/count_until__type_support.c.o[0m
[ 67%] [32m[1mLinking C shared library libmy_robot_interfaces__rosidl_typesupport_introspection_c.so[0m
[ 67%] Built target my_robot_interfaces__rosidl_typesupport_introspection_c
[ 69%] [32mBuilding CXX object CMakeFiles/my_robot_interfaces__rosidl_typesupport_fastrtps_c.dir/rosidl_typesupport_fastrtps_c/my_robot_interfaces/action/detail/count_until__type_support_c.cpp.o[0m
[ 70%] [32mBuilding CXX object CMakeFiles/my_robot_interfaces__rosidl_typesupport_fastrtps_c.dir/rosidl_typesupport_fastrtps_c/my_robot_interfaces/msg/detail/hardware_status__type_support_c.cpp.o[0m
[ 72%] [32mBuilding CXX object CMakeFiles/my_robot_interfaces__rosidl_typesupport_fastrtps_c.dir/rosidl_typesupport_fastrtps_c/my_robot_interfaces/srv/detail/reset_counter__type_support_c.cpp.o[0m
[ 74%] [32m[1mLinking CXX shared library libmy_robot_interfaces__rosidl_typesupport_cpp.so[0m
[ 74%] Built target my_robot_interfaces__rosidl_typesupport_cpp
[ 76%] [32m[1mLinking CXX shared library libmy_robot_interfaces__rosidl_typesupport_introspection_cpp.so[0m
[ 76%] Built target my_robot_interfaces__rosidl_typesupport_introspection_cpp
[ 78%] [32m[1mLinking CXX shared library libmy_robot_interfaces__rosidl_typesupport_fastrtps_c.so[0m
[ 80%] [32m[1mLinking CXX shared library libmy_robot_interfaces__rosidl_typesupport_fastrtps_cpp.so[0m
[ 80%] Built target my_robot_interfaces__rosidl_typesupport_fastrtps_c
[ 80%] Built target my_robot_interfaces__rosidl_typesupport_fastrtps_cpp
[ 80%] Built target my_robot_interfaces
[ 81%] [34m[1mGenerating Python code for ROS interfaces[0m
[ 81%] Built target my_robot_interfaces__py
[ 83%] [32mBuilding C object CMakeFiles/my_robot_interfaces__rosidl_generator_py.dir/rosidl_generator_py/my_robot_interfaces/action/_count_until_s.c.o[0m
[ 87%] [32mBuilding C object CMakeFiles/my_robot_interfaces__rosidl_generator_py.dir/rosidl_generator_py/my_robot_interfaces/srv/_reset_counter_s.c.o[0m
[ 87%] [32mBuilding C object CMakeFiles/my_robot_interfaces__rosidl_generator_py.dir/rosidl_generator_py/my_robot_interfaces/msg/_hardware_status_s.c.o[0m
[ 89%] [32m[1mLinking C shared library libmy_robot_interfaces__rosidl_generator_py.so[0m
[ 89%] Built target my_robot_interfaces__rosidl_generator_py
[ 90%] [32mBuilding C object CMakeFiles/my_robot_interfaces_s__rosidl_typesupport_c.dir/rosidl_generator_py/my_robot_interfaces/_my_robot_interfaces_s.ep.rosidl_typesupport_c.c.o[0m
[ 92%] [32mBuilding C object CMakeFiles/my_robot_interfaces_s__rosidl_typesupport_fastrtps_c.dir/rosidl_generator_py/my_robot_interfaces/_my_robot_interfaces_s.ep.rosidl_typesupport_fastrtps_c.c.o[0m
[ 94%] [32mBuilding C object CMakeFiles/my_robot_interfaces_s__rosidl_typesupport_introspection_c.dir/rosidl_generator_py/my_robot_interfaces/_my_robot_interfaces_s.ep.rosidl_typesupport_introspection_c.c.o[0m
[ 96%] [32m[1mLinking C shared module rosidl_generator_py/my_robot_interfaces/my_robot_interfaces_s__rosidl_typesupport_c.so[0m
[ 98%] [32m[1mLinking C shared module rosidl_generator_py/my_robot_interfaces/my_robot_interfaces_s__rosidl_typesupport_fastrtps_c.so[0m
[100%] [32m[1mLinking C shared module rosidl_generator_py/my_robot_interfaces/my_robot_interfaces_s__rosidl_typesupport_introspection_c.so[0m
[100%] Built target my_robot_interfaces_s__rosidl_typesupport_c
[100%] Built target my_robot_interfaces_s__rosidl_typesupport_fastrtps_c
[100%] Built target my_robot_interfaces_s__rosidl_typesupport_introspection_c
-- Install configuration: ""
-- Installing: /home/thanhtd71/ros2_ws/src/my_robot_interfaces/install/my_robot_interfaces/share/ament_index/resource_index/rosidl_interfaces/my_robot_interfaces
-- Installing: /home/thanhtd71/ros2_ws/src/my_robot_interfaces/install/my_robot_interfaces/share/my_robot_interfaces/msg/HardwareStatus.json
-- Installing: /home/thanhtd71/ros2_ws/src/my_robot_interfaces/install/my_robot_interfaces/share/my_robot_interfaces/srv/ResetCounter.json
-- Installing: /home/thanhtd71/ros2_ws/src/my_robot_interfaces/install/my_robot_interfaces/share/my_robot_interfaces/action/CountUntil.json
-- Installing: /home/thanhtd71/ros2_ws/src/my_robot_interfaces/install/my_robot_interfaces/include/my_robot_interfaces/my_robot_interfaces
-- Installing: /home/thanhtd71/ros2_ws/src/my_robot_interfaces/install/my_robot_interfaces/include/my_robot_interfaces/my_robot_interfaces/msg
-- Installing: /home/thanhtd71/ros2_ws/src/my_robot_interfaces/install/my_robot_interfaces/include/my_robot_interfaces/my_robot_interfaces/msg/detail
-- Installing: /home/thanhtd71/ros2_ws/src/my_robot_interfaces/install/my_robot_interfaces/include/my_robot_interfaces/my_robot_interfaces/msg/detail/hardware_status__type_support.h
-- Installing: /home/thanhtd71/ros2_ws/src/my_robot_interfaces/install/my_robot_interfaces/include/my_robot_interfaces/my_robot_interfaces/msg/detail/hardware_status__description.c
-- Installing: /home/thanhtd71/ros2_ws/src/my_robot_interfaces/install/my_robot_interfaces/include/my_robot_interfaces/my_robot_interfaces/msg/detail/hardware_status__type_support.c
-- Installing: /home/thanhtd71/ros2_ws/src/my_robot_interfaces/install/my_robot_interfaces/include/my_robot_interfaces/my_robot_interfaces/msg/detail/hardware_status__struct.h
-- Installing: /home/thanhtd71/ros2_ws/src/my_robot_interfaces/install/my_robot_interfaces/include/my_robot_interfaces/my_robot_interfaces/msg/detail/hardware_status__functions.h
-- Installing: /home/thanhtd71/ros2_ws/src/my_robot_interfaces/install/my_robot_interfaces/include/my_robot_interfaces/my_robot_interfaces/msg/detail/hardware_status__functions.c
-- Installing: /home/thanhtd71/ros2_ws/src/my_robot_interfaces/install/my_robot_interfaces/include/my_robot_interfaces/my_robot_interfaces/msg/hardware_status.h
-- Installing: /home/thanhtd71/ros2_ws/src/my_robot_interfaces/install/my_robot_interfaces/include/my_robot_interfaces/my_robot_interfaces/msg/rosidl_generator_c__visibility_control.h
-- Installing: /home/thanhtd71/ros2_ws/src/my_robot_interfaces/install/my_robot_interfaces/include/my_robot_interfaces/my_robot_interfaces/srv
-- Installing: /home/thanhtd71/ros2_ws/src/my_robot_interfaces/install/my_robot_interfaces/include/my_robot_interfaces/my_robot_interfaces/srv/reset_counter.h
-- Installing: /home/thanhtd71/ros2_ws/src/my_robot_interfaces/install/my_robot_interfaces/include/my_robot_interfaces/my_robot_interfaces/srv/detail
-- Installing: /home/thanhtd71/ros2_ws/src/my_robot_interfaces/install/my_robot_interfaces/include/my_robot_interfaces/my_robot_interfaces/srv/detail/reset_counter__functions.c
-- Installing: /home/thanhtd71/ros2_ws/src/my_robot_interfaces/install/my_robot_interfaces/include/my_robot_interfaces/my_robot_interfaces/srv/detail/reset_counter__type_support.c
-- Installing: /home/thanhtd71/ros2_ws/src/my_robot_interfaces/install/my_robot_interfaces/include/my_robot_interfaces/my_robot_interfaces/srv/detail/reset_counter__type_support.h
-- Installing: /home/thanhtd71/ros2_ws/src/my_robot_interfaces/install/my_robot_interfaces/include/my_robot_interfaces/my_robot_interfaces/srv/detail/reset_counter__functions.h
-- Installing: /home/thanhtd71/ros2_ws/src/my_robot_interfaces/install/my_robot_interfaces/include/my_robot_interfaces/my_robot_interfaces/srv/detail/reset_counter__struct.h
-- Installing: /home/thanhtd71/ros2_ws/src/my_robot_interfaces/install/my_robot_interfaces/include/my_robot_interfaces/my_robot_interfaces/srv/detail/reset_counter__description.c
-- Installing: /home/thanhtd71/ros2_ws/src/my_robot_interfaces/install/my_robot_interfaces/include/my_robot_interfaces/my_robot_interfaces/action
-- Installing: /home/thanhtd71/ros2_ws/src/my_robot_interfaces/install/my_robot_interfaces/include/my_robot_interfaces/my_robot_interfaces/action/count_until.h
-- Installing: /home/thanhtd71/ros2_ws/src/my_robot_interfaces/install/my_robot_interfaces/include/my_robot_interfaces/my_robot_interfaces/action/detail
-- Installing: /home/thanhtd71/ros2_ws/src/my_robot_interfaces/install/my_robot_interfaces/include/my_robot_interfaces/my_robot_interfaces/action/detail/count_until__functions.h
-- Installing: /home/thanhtd71/ros2_ws/src/my_robot_interfaces/install/my_robot_interfaces/include/my_robot_interfaces/my_robot_interfaces/action/detail/count_until__description.c
-- Installing: /home/thanhtd71/ros2_ws/src/my_robot_interfaces/install/my_robot_interfaces/include/my_robot_interfaces/my_robot_interfaces/action/detail/count_until__functions.c
-- Installing: /home/thanhtd71/ros2_ws/src/my_robot_interfaces/install/my_robot_interfaces/include/my_robot_interfaces/my_robot_interfaces/action/detail/count_until__type_support.h
-- Installing: /home/thanhtd71/ros2_ws/src/my_robot_interfaces/install/my_robot_interfaces/include/my_robot_interfaces/my_robot_interfaces/action/detail/count_until__type_support.c
-- Installing: /home/thanhtd71/ros2_ws/src/my_robot_interfaces/install/my_robot_interfaces/include/my_robot_interfaces/my_robot_interfaces/action/detail/count_until__struct.h
-- Installing: /home/thanhtd71/ros2_ws/src/my_robot_interfaces/install/my_robot_interfaces/share/my_robot_interfaces/environment/library_path.sh
-- Installing: /home/thanhtd71/ros2_ws/src/my_robot_interfaces/install/my_robot_interfaces/share/my_robot_interfaces/environment/library_path.dsv
-- Installing: /home/thanhtd71/ros2_ws/src/my_robot_interfaces/install/my_robot_interfaces/lib/libmy_robot_interfaces__rosidl_generator_c.so
-- Set non-toolchain portion of runtime path of "/home/thanhtd71/ros2_ws/src/my_robot_interfaces/install/my_robot_interfaces/lib/libmy_robot_interfaces__rosidl_generator_c.so" to ""
-- Up-to-date: /home/thanhtd71/ros2_ws/src/my_robot_interfaces/install/my_robot_interfaces/include/my_robot_interfaces/my_robot_interfaces
-- Up-to-date: /home/thanhtd71/ros2_ws/src/my_robot_interfaces/install/my_robot_interfaces/include/my_robot_interfaces/my_robot_interfaces/msg
-- Up-to-date: /home/thanhtd71/ros2_ws/src/my_robot_interfaces/install/my_robot_interfaces/include/my_robot_interfaces/my_robot_interfaces/msg/detail
-- Installing: /home/thanhtd71/ros2_ws/src/my_robot_interfaces/install/my_robot_interfaces/include/my_robot_interfaces/my_robot_interfaces/msg/detail/hardware_status__rosidl_typesupport_fastrtps_c.h
-- Installing: /home/thanhtd71/ros2_ws/src/my_robot_interfaces/install/my_robot_interfaces/include/my_robot_interfaces/my_robot_interfaces/msg/rosidl_typesupport_fastrtps_c__visibility_control.h
-- Up-to-date: /home/thanhtd71/ros2_ws/src/my_robot_interfaces/install/my_robot_interfaces/include/my_robot_interfaces/my_robot_interfaces/srv
-- Up-to-date: /home/thanhtd71/ros2_ws/src/my_robot_interfaces/install/my_robot_interfaces/include/my_robot_interfaces/my_robot_interfaces/srv/detail
-- Installing: /home/thanhtd71/ros2_ws/src/my_robot_interfaces/install/my_robot_interfaces/include/my_robot_interfaces/my_robot_interfaces/srv/detail/reset_counter__rosidl_typesupport_fastrtps_c.h
-- Up-to-date: /home/thanhtd71/ros2_ws/src/my_robot_interfaces/install/my_robot_interfaces/include/my_robot_interfaces/my_robot_interfaces/action
-- Up-to-date: /home/thanhtd71/ros2_ws/src/my_robot_interfaces/install/my_robot_interfaces/include/my_robot_interfaces/my_robot_interfaces/action/detail
-- Installing: /home/thanhtd71/ros2_ws/src/my_robot_interfaces/install/my_robot_interfaces/include/my_robot_interfaces/my_robot_interfaces/action/detail/count_until__rosidl_typesupport_fastrtps_c.h
-- Installing: /home/thanhtd71/ros2_ws/src/my_robot_interfaces/install/my_robot_interfaces/lib/libmy_robot_interfaces__rosidl_typesupport_fastrtps_c.so
-- Set non-toolchain portion of runtime path of "/home/thanhtd71/ros2_ws/src/my_robot_interfaces/install/my_robot_interfaces/lib/libmy_robot_interfaces__rosidl_typesupport_fastrtps_c.so" to ""
-- Up-to-date: /home/thanhtd71/ros2_ws/src/my_robot_interfaces/install/my_robot_interfaces/include/my_robot_interfaces/my_robot_interfaces
-- Up-to-date: /home/thanhtd71/ros2_ws/src/my_robot_interfaces/install/my_robot_interfaces/include/my_robot_interfaces/my_robot_interfaces/msg
-- Installing: /home/thanhtd71/ros2_ws/src/my_robot_interfaces/install/my_robot_interfaces/include/my_robot_interfaces/my_robot_interfaces/msg/rosidl_typesupport_introspection_c__visibility_control.h
-- Up-to-date: /home/thanhtd71/ros2_ws/src/my_robot_interfaces/install/my_robot_interfaces/include/my_robot_interfaces/my_robot_interfaces/msg/detail
-- Up-to-date: /home/thanhtd71/ros2_ws/src/my_robot_interfaces/install/my_robot_interfaces/include/my_robot_interfaces/my_robot_interfaces/msg/detail/hardware_status__type_support.c
-- Installing: /home/thanhtd71/ros2_ws/src/my_robot_interfaces/install/my_robot_interfaces/include/my_robot_interfaces/my_robot_interfaces/msg/detail/hardware_status__rosidl_typesupport_introspection_c.h
-- Up-to-date: /home/thanhtd71/ros2_ws/src/my_robot_interfaces/install/my_robot_interfaces/include/my_robot_interfaces/my_robot_interfaces/srv
-- Up-to-date: /home/thanhtd71/ros2_ws/src/my_robot_interfaces/install/my_robot_interfaces/include/my_robot_interfaces/my_robot_interfaces/srv/detail
-- Up-to-date: /home/thanhtd71/ros2_ws/src/my_robot_interfaces/install/my_robot_interfaces/include/my_robot_interfaces/my_robot_interfaces/srv/detail/reset_counter__type_support.c
-- Installing: /home/thanhtd71/ros2_ws/src/my_robot_interfaces/install/my_robot_interfaces/include/my_robot_interfaces/my_robot_interfaces/srv/detail/reset_counter__rosidl_typesupport_introspection_c.h
-- Up-to-date: /home/thanhtd71/ros2_ws/src/my_robot_interfaces/install/my_robot_interfaces/include/my_robot_interfaces/my_robot_interfaces/action
-- Up-to-date: /home/thanhtd71/ros2_ws/src/my_robot_interfaces/install/my_robot_interfaces/include/my_robot_interfaces/my_robot_interfaces/action/detail
-- Installing: /home/thanhtd71/ros2_ws/src/my_robot_interfaces/install/my_robot_interfaces/include/my_robot_interfaces/my_robot_interfaces/action/detail/count_until__rosidl_typesupport_introspection_c.h
-- Up-to-date: /home/thanhtd71/ros2_ws/src/my_robot_interfaces/install/my_robot_interfaces/include/my_robot_interfaces/my_robot_interfaces/action/detail/count_until__type_support.c
-- Installing: /home/thanhtd71/ros2_ws/src/my_robot_interfaces/install/my_robot_interfaces/lib/libmy_robot_interfaces__rosidl_typesupport_introspection_c.so
-- Set non-toolchain portion of runtime path of "/home/thanhtd71/ros2_ws/src/my_robot_interfaces/install/my_robot_interfaces/lib/libmy_robot_interfaces__rosidl_typesupport_introspection_c.so" to ""
-- Installing: /home/thanhtd71/ros2_ws/src/my_robot_interfaces/install/my_robot_interfaces/lib/libmy_robot_interfaces__rosidl_typesupport_c.so
-- Set non-toolchain portion of runtime path of "/home/thanhtd71/ros2_ws/src/my_robot_interfaces/install/my_robot_interfaces/lib/libmy_robot_interfaces__rosidl_typesupport_c.so" to ""
-- Up-to-date: /home/thanhtd71/ros2_ws/src/my_robot_interfaces/install/my_robot_interfaces/include/my_robot_interfaces/my_robot_interfaces
-- Up-to-date: /home/thanhtd71/ros2_ws/src/my_robot_interfaces/install/my_robot_interfaces/include/my_robot_interfaces/my_robot_interfaces/msg
-- Installing: /home/thanhtd71/ros2_ws/src/my_robot_interfaces/install/my_robot_interfaces/include/my_robot_interfaces/my_robot_interfaces/msg/rosidl_generator_cpp__visibility_control.hpp
-- Up-to-date: /home/thanhtd71/ros2_ws/src/my_robot_interfaces/install/my_robot_interfaces/include/my_robot_interfaces/my_robot_interfaces/msg/detail
-- Installing: /home/thanhtd71/ros2_ws/src/my_robot_interfaces/install/my_robot_interfaces/include/my_robot_interfaces/my_robot_interfaces/msg/detail/hardware_status__type_support.hpp
-- Installing: /home/thanhtd71/ros2_ws/src/my_robot_interfaces/install/my_robot_interfaces/include/my_robot_interfaces/my_robot_interfaces/msg/detail/hardware_status__traits.hpp
-- Installing: /home/thanhtd71/ros2_ws/src/my_robot_interfaces/install/my_robot_interfaces/include/my_robot_interfaces/my_robot_interfaces/msg/detail/hardware_status__builder.hpp
-- Installing: /home/thanhtd71/ros2_ws/src/my_robot_interfaces/install/my_robot_interfaces/include/my_robot_interfaces/my_robot_interfaces/msg/detail/hardware_status__struct.hpp
-- Installing: /home/thanhtd71/ros2_ws/src/my_robot_interfaces/install/my_robot_interfaces/include/my_robot_interfaces/my_robot_interfaces/msg/hardware_status.hpp
-- Up-to-date: /home/thanhtd71/ros2_ws/src/my_robot_interfaces/install/my_robot_interfaces/include/my_robot_interfaces/my_robot_interfaces/srv
-- Installing: /home/thanhtd71/ros2_ws/src/my_robot_interfaces/install/my_robot_interfaces/include/my_robot_interfaces/my_robot_interfaces/srv/reset_counter.hpp
-- Up-to-date: /home/thanhtd71/ros2_ws/src/my_robot_interfaces/install/my_robot_interfaces/include/my_robot_interfaces/my_robot_interfaces/srv/detail
-- Installing: /home/thanhtd71/ros2_ws/src/my_robot_interfaces/install/my_robot_interfaces/include/my_robot_interfaces/my_robot_interfaces/srv/detail/reset_counter__type_support.hpp
-- Installing: /home/thanhtd71/ros2_ws/src/my_robot_interfaces/install/my_robot_interfaces/include/my_robot_interfaces/my_robot_interfaces/srv/detail/reset_counter__struct.hpp
-- Installing: /home/thanhtd71/ros2_ws/src/my_robot_interfaces/install/my_robot_interfaces/include/my_robot_interfaces/my_robot_interfaces/srv/detail/reset_counter__traits.hpp
-- Installing: /home/thanhtd71/ros2_ws/src/my_robot_interfaces/install/my_robot_interfaces/include/my_robot_interfaces/my_robot_interfaces/srv/detail/reset_counter__builder.hpp
-- Up-to-date: /home/thanhtd71/ros2_ws/src/my_robot_interfaces/install/my_robot_interfaces/include/my_robot_interfaces/my_robot_interfaces/action
-- Up-to-date: /home/thanhtd71/ros2_ws/src/my_robot_interfaces/install/my_robot_interfaces/include/my_robot_interfaces/my_robot_interfaces/action/detail
-- Installing: /home/thanhtd71/ros2_ws/src/my_robot_interfaces/install/my_robot_interfaces/include/my_robot_interfaces/my_robot_interfaces/action/detail/count_until__struct.hpp
-- Installing: /home/thanhtd71/ros2_ws/src/my_robot_interfaces/install/my_robot_interfaces/include/my_robot_interfaces/my_robot_interfaces/action/detail/count_until__traits.hpp
-- Installing: /home/thanhtd71/ros2_ws/src/my_robot_interfaces/install/my_robot_interfaces/include/my_robot_interfaces/my_robot_interfaces/action/detail/count_until__builder.hpp
-- Installing: /home/thanhtd71/ros2_ws/src/my_robot_interfaces/install/my_robot_interfaces/include/my_robot_interfaces/my_robot_interfaces/action/detail/count_until__type_support.hpp
-- Installing: /home/thanhtd71/ros2_ws/src/my_robot_interfaces/install/my_robot_interfaces/include/my_robot_interfaces/my_robot_interfaces/action/count_until.hpp
-- Up-to-date: /home/thanhtd71/ros2_ws/src/my_robot_interfaces/install/my_robot_interfaces/include/my_robot_interfaces/my_robot_interfaces
-- Up-to-date: /home/thanhtd71/ros2_ws/src/my_robot_interfaces/install/my_robot_interfaces/include/my_robot_interfaces/my_robot_interfaces/msg
-- Installing: /home/thanhtd71/ros2_ws/src/my_robot_interfaces/install/my_robot_interfaces/include/my_robot_interfaces/my_robot_interfaces/msg/rosidl_typesupport_fastrtps_cpp__visibility_control.h
-- Up-to-date: /home/thanhtd71/ros2_ws/src/my_robot_interfaces/install/my_robot_interfaces/include/my_robot_interfaces/my_robot_interfaces/msg/detail
-- Installing: /home/thanhtd71/ros2_ws/src/my_robot_interfaces/install/my_robot_interfaces/include/my_robot_interfaces/my_robot_interfaces/msg/detail/hardware_status__rosidl_typesupport_fastrtps_cpp.hpp
-- Installing: /home/thanhtd71/ros2_ws/src/my_robot_interfaces/install/my_robot_interfaces/include/my_robot_interfaces/my_robot_interfaces/msg/detail/dds_fastrtps
-- Up-to-date: /home/thanhtd71/ros2_ws/src/my_robot_interfaces/install/my_robot_interfaces/include/my_robot_interfaces/my_robot_interfaces/srv
-- Up-to-date: /home/thanhtd71/ros2_ws/src/my_robot_interfaces/install/my_robot_interfaces/include/my_robot_interfaces/my_robot_interfaces/srv/detail
-- Installing: /home/thanhtd71/ros2_ws/src/my_robot_interfaces/install/my_robot_interfaces/include/my_robot_interfaces/my_robot_interfaces/srv/detail/reset_counter__rosidl_typesupport_fastrtps_cpp.hpp
-- Installing: /home/thanhtd71/ros2_ws/src/my_robot_interfaces/install/my_robot_interfaces/include/my_robot_interfaces/my_robot_interfaces/srv/detail/dds_fastrtps
-- Up-to-date: /home/thanhtd71/ros2_ws/src/my_robot_interfaces/install/my_robot_interfaces/include/my_robot_interfaces/my_robot_interfaces/action
-- Up-to-date: /home/thanhtd71/ros2_ws/src/my_robot_interfaces/install/my_robot_interfaces/include/my_robot_interfaces/my_robot_interfaces/action/detail
-- Installing: /home/thanhtd71/ros2_ws/src/my_robot_interfaces/install/my_robot_interfaces/include/my_robot_interfaces/my_robot_interfaces/action/detail/count_until__rosidl_typesupport_fastrtps_cpp.hpp
-- Installing: /home/thanhtd71/ros2_ws/src/my_robot_interfaces/install/my_robot_interfaces/include/my_robot_interfaces/my_robot_interfaces/action/detail/dds_fastrtps
-- Installing: /home/thanhtd71/ros2_ws/src/my_robot_interfaces/install/my_robot_interfaces/lib/libmy_robot_interfaces__rosidl_typesupport_fastrtps_cpp.so
-- Set non-toolchain portion of runtime path of "/home/thanhtd71/ros2_ws/src/my_robot_interfaces/install/my_robot_interfaces/lib/libmy_robot_interfaces__rosidl_typesupport_fastrtps_cpp.so" to ""
-- Up-to-date: /home/thanhtd71/ros2_ws/src/my_robot_interfaces/install/my_robot_interfaces/include/my_robot_interfaces/my_robot_interfaces
-- Up-to-date: /home/thanhtd71/ros2_ws/src/my_robot_interfaces/install/my_robot_interfaces/include/my_robot_interfaces/my_robot_interfaces/msg
-- Up-to-date: /home/thanhtd71/ros2_ws/src/my_robot_interfaces/install/my_robot_interfaces/include/my_robot_interfaces/my_robot_interfaces/msg/detail
-- Installing: /home/thanhtd71/ros2_ws/src/my_robot_interfaces/install/my_robot_interfaces/include/my_robot_interfaces/my_robot_interfaces/msg/detail/hardware_status__type_support.cpp
-- Installing: /home/thanhtd71/ros2_ws/src/my_robot_interfaces/install/my_robot_interfaces/include/my_robot_interfaces/my_robot_interfaces/msg/detail/hardware_status__rosidl_typesupport_introspection_cpp.hpp
-- Up-to-date: /home/thanhtd71/ros2_ws/src/my_robot_interfaces/install/my_robot_interfaces/include/my_robot_interfaces/my_robot_interfaces/srv
-- Up-to-date: /home/thanhtd71/ros2_ws/src/my_robot_interfaces/install/my_robot_interfaces/include/my_robot_interfaces/my_robot_interfaces/srv/detail
-- Installing: /home/thanhtd71/ros2_ws/src/my_robot_interfaces/install/my_robot_interfaces/include/my_robot_interfaces/my_robot_interfaces/srv/detail/reset_counter__rosidl_typesupport_introspection_cpp.hpp
-- Installing: /home/thanhtd71/ros2_ws/src/my_robot_interfaces/install/my_robot_interfaces/include/my_robot_interfaces/my_robot_interfaces/srv/detail/reset_counter__type_support.cpp
-- Up-to-date: /home/thanhtd71/ros2_ws/src/my_robot_interfaces/install/my_robot_interfaces/include/my_robot_interfaces/my_robot_interfaces/action
-- Up-to-date: /home/thanhtd71/ros2_ws/src/my_robot_interfaces/install/my_robot_interfaces/include/my_robot_interfaces/my_robot_interfaces/action/detail
-- Installing: /home/thanhtd71/ros2_ws/src/my_robot_interfaces/install/my_robot_interfaces/include/my_robot_interfaces/my_robot_interfaces/action/detail/count_until__rosidl_typesupport_introspection_cpp.hpp
-- Installing: /home/thanhtd71/ros2_ws/src/my_robot_interfaces/install/my_robot_interfaces/include/my_robot_interfaces/my_robot_interfaces/action/detail/count_until__type_support.cpp
-- Installing: /home/thanhtd71/ros2_ws/src/my_robot_interfaces/install/my_robot_interfaces/lib/libmy_robot_interfaces__rosidl_typesupport_introspection_cpp.so
-- Set non-toolchain portion of runtime path of "/home/thanhtd71/ros2_ws/src/my_robot_interfaces/install/my_robot_interfaces/lib/libmy_robot_interfaces__rosidl_typesupport_introspection_cpp.so" to ""
-- Installing: /home/thanhtd71/ros2_ws/src/my_robot_interfaces/install/my_robot_interfaces/lib/libmy_robot_interfaces__rosidl_typesupport_cpp.so
-- Set non-toolchain portion of runtime path of "/home/thanhtd71/ros2_ws/src/my_robot_interfaces/install/my_robot_interfaces/lib/libmy_robot_interfaces__rosidl_typesupport_cpp.so" to ""
-- Installing: /home/thanhtd71/ros2_ws/src/my_robot_interfaces/install/my_robot_interfaces/share/my_robot_interfaces/environment/pythonpath.sh
-- Installing: /home/thanhtd71/ros2_ws/src/my_robot_interfaces/install/my_robot_interfaces/share/my_robot_interfaces/environment/pythonpath.dsv
-- Installing: /home/thanhtd71/ros2_ws/src/my_robot_interfaces/install/my_robot_interfaces/lib/python3.12/site-packages/my_robot_interfaces-0.0.0-py3.12.egg-info
-- Installing: /home/thanhtd71/ros2_ws/src/my_robot_interfaces/install/my_robot_interfaces/lib/python3.12/site-packages/my_robot_interfaces-0.0.0-py3.12.egg-info/SOURCES.txt
-- Installing: /home/thanhtd71/ros2_ws/src/my_robot_interfaces/install/my_robot_interfaces/lib/python3.12/site-packages/my_robot_interfaces-0.0.0-py3.12.egg-info/dependency_links.txt
-- Installing: /home/thanhtd71/ros2_ws/src/my_robot_interfaces/install/my_robot_interfaces/lib/python3.12/site-packages/my_robot_interfaces-0.0.0-py3.12.egg-info/PKG-INFO
-- Installing: /home/thanhtd71/ros2_ws/src/my_robot_interfaces/install/my_robot_interfaces/lib/python3.12/site-packages/my_robot_interfaces-0.0.0-py3.12.egg-info/top_level.txt
-- Installing: /home/thanhtd71/ros2_ws/src/my_robot_interfaces/install/my_robot_interfaces/lib/python3.12/site-packages/my_robot_interfaces
-- Installing: /home/thanhtd71/ros2_ws/src/my_robot_interfaces/install/my_robot_interfaces/lib/python3.12/site-packages/my_robot_interfaces/my_robot_interfaces_s__rosidl_typesupport_fastrtps_c.so
-- Installing: /home/thanhtd71/ros2_ws/src/my_robot_interfaces/install/my_robot_interfaces/lib/python3.12/site-packages/my_robot_interfaces/my_robot_interfaces_s__rosidl_typesupport_c.so
-- Installing: /home/thanhtd71/ros2_ws/src/my_robot_interfaces/install/my_robot_interfaces/lib/python3.12/site-packages/my_robot_interfaces/msg
-- Installing: /home/thanhtd71/ros2_ws/src/my_robot_interfaces/install/my_robot_interfaces/lib/python3.12/site-packages/my_robot_interfaces/msg/_hardware_status_s.c
-- Installing: /home/thanhtd71/ros2_ws/src/my_robot_interfaces/install/my_robot_interfaces/lib/python3.12/site-packages/my_robot_interfaces/msg/_hardware_status.py
-- Installing: /home/thanhtd71/ros2_ws/src/my_robot_interfaces/install/my_robot_interfaces/lib/python3.12/site-packages/my_robot_interfaces/msg/__init__.py
-- Installing: /home/thanhtd71/ros2_ws/src/my_robot_interfaces/install/my_robot_interfaces/lib/python3.12/site-packages/my_robot_interfaces/my_robot_interfaces_s__rosidl_typesupport_introspection_c.so
-- Installing: /home/thanhtd71/ros2_ws/src/my_robot_interfaces/install/my_robot_interfaces/lib/python3.12/site-packages/my_robot_interfaces/_my_robot_interfaces_s.ep.rosidl_typesupport_c.c
-- Installing: /home/thanhtd71/ros2_ws/src/my_robot_interfaces/install/my_robot_interfaces/lib/python3.12/site-packages/my_robot_interfaces/_my_robot_interfaces_s.ep.rosidl_typesupport_fastrtps_c.c
-- Installing: /home/thanhtd71/ros2_ws/src/my_robot_interfaces/install/my_robot_interfaces/lib/python3.12/site-packages/my_robot_interfaces/__init__.py
-- Installing: /home/thanhtd71/ros2_ws/src/my_robot_interfaces/install/my_robot_interfaces/lib/python3.12/site-packages/my_robot_interfaces/srv
-- Installing: /home/thanhtd71/ros2_ws/src/my_robot_interfaces/install/my_robot_interfaces/lib/python3.12/site-packages/my_robot_interfaces/srv/_reset_counter.py
-- Installing: /home/thanhtd71/ros2_ws/src/my_robot_interfaces/install/my_robot_interfaces/lib/python3.12/site-packages/my_robot_interfaces/srv/_reset_counter_s.c
-- Installing: /home/thanhtd71/ros2_ws/src/my_robot_interfaces/install/my_robot_interfaces/lib/python3.12/site-packages/my_robot_interfaces/srv/__init__.py
-- Installing: /home/thanhtd71/ros2_ws/src/my_robot_interfaces/install/my_robot_interfaces/lib/python3.12/site-packages/my_robot_interfaces/action
-- Installing: /home/thanhtd71/ros2_ws/src/my_robot_interfaces/install/my_robot_interfaces/lib/python3.12/site-packages/my_robot_interfaces/action/_count_until_s.c
-- Installing: /home/thanhtd71/ros2_ws/src/my_robot_interfaces/install/my_robot_interfaces/lib/python3.12/site-packages/my_robot_interfaces/action/__init__.py
-- Installing: /home/thanhtd71/ros2_ws/src/my_robot_interfaces/install/my_robot_interfaces/lib/python3.12/site-packages/my_robot_interfaces/action/_count_until.py
-- Installing: /home/thanhtd71/ros2_ws/src/my_robot_interfaces/install/my_robot_interfaces/lib/python3.12/site-packages/my_robot_interfaces/_my_robot_interfaces_s.ep.rosidl_typesupport_introspection_c.c
Listing '/home/thanhtd71/ros2_ws/src/my_robot_interfaces/install/my_robot_interfaces/lib/python3.12/site-packages/my_robot_interfaces'...
Compiling '/home/thanhtd71/ros2_ws/src/my_robot_interfaces/install/my_robot_interfaces/lib/python3.12/site-packages/my_robot_interfaces/__init__.py'...
Listing '/home/thanhtd71/ros2_ws/src/my_robot_interfaces/install/my_robot_interfaces/lib/python3.12/site-packages/my_robot_interfaces/action'...
Compiling '/home/thanhtd71/ros2_ws/src/my_robot_interfaces/install/my_robot_interfaces/lib/python3.12/site-packages/my_robot_interfaces/action/__init__.py'...
Compiling '/home/thanhtd71/ros2_ws/src/my_robot_interfaces/install/my_robot_interfaces/lib/python3.12/site-packages/my_robot_interfaces/action/_count_until.py'...
Listing '/home/thanhtd71/ros2_ws/src/my_robot_interfaces/install/my_robot_interfaces/lib/python3.12/site-packages/my_robot_interfaces/msg'...
Compiling '/home/thanhtd71/ros2_ws/src/my_robot_interfaces/install/my_robot_interfaces/lib/python3.12/site-packages/my_robot_interfaces/msg/__init__.py'...
Compiling '/home/thanhtd71/ros2_ws/src/my_robot_interfaces/install/my_robot_interfaces/lib/python3.12/site-packages/my_robot_interfaces/msg/_hardware_status.py'...
Listing '/home/thanhtd71/ros2_ws/src/my_robot_interfaces/install/my_robot_interfaces/lib/python3.12/site-packages/my_robot_interfaces/srv'...
Compiling '/home/thanhtd71/ros2_ws/src/my_robot_interfaces/install/my_robot_interfaces/lib/python3.12/site-packages/my_robot_interfaces/srv/__init__.py'...
Compiling '/home/thanhtd71/ros2_ws/src/my_robot_interfaces/install/my_robot_interfaces/lib/python3.12/site-packages/my_robot_interfaces/srv/_reset_counter.py'...
-- Installing: /home/thanhtd71/ros2_ws/src/my_robot_interfaces/install/my_robot_interfaces/lib/python3.12/site-packages/my_robot_interfaces/my_robot_interfaces_s__rosidl_typesupport_fastrtps_c.so
-- Set non-toolchain portion of runtime path of "/home/thanhtd71/ros2_ws/src/my_robot_interfaces/install/my_robot_interfaces/lib/python3.12/site-packages/my_robot_interfaces/my_robot_interfaces_s__rosidl_typesupport_fastrtps_c.so" to ""
-- Installing: /home/thanhtd71/ros2_ws/src/my_robot_interfaces/install/my_robot_interfaces/lib/python3.12/site-packages/my_robot_interfaces/my_robot_interfaces_s__rosidl_typesupport_introspection_c.so
-- Set non-toolchain portion of runtime path of "/home/thanhtd71/ros2_ws/src/my_robot_interfaces/install/my_robot_interfaces/lib/python3.12/site-packages/my_robot_interfaces/my_robot_interfaces_s__rosidl_typesupport_introspection_c.so" to ""
-- Installing: /home/thanhtd71/ros2_ws/src/my_robot_interfaces/install/my_robot_interfaces/lib/python3.12/site-packages/my_robot_interfaces/my_robot_interfaces_s__rosidl_typesupport_c.so
-- Set non-toolchain portion of runtime path of "/home/thanhtd71/ros2_ws/src/my_robot_interfaces/install/my_robot_interfaces/lib/python3.12/site-packages/my_robot_interfaces/my_robot_interfaces_s__rosidl_typesupport_c.so" to ""
-- Installing: /home/thanhtd71/ros2_ws/src/my_robot_interfaces/install/my_robot_interfaces/lib/libmy_robot_interfaces__rosidl_generator_py.so
-- Set non-toolchain portion of runtime path of "/home/thanhtd71/ros2_ws/src/my_robot_interfaces/install/my_robot_interfaces/lib/libmy_robot_interfaces__rosidl_generator_py.so" to ""
-- Installing: /home/thanhtd71/ros2_ws/src/my_robot_interfaces/install/my_robot_interfaces/share/ament_index/resource_index/rust_packages/my_robot_interfaces
-- Installing: /home/thanhtd71/ros2_ws/src/my_robot_interfaces/install/my_robot_interfaces/share/my_robot_interfaces/rust
-- Installing: /home/thanhtd71/ros2_ws/src/my_robot_interfaces/install/my_robot_interfaces/share/my_robot_interfaces/rust/build.rs
-- Installing: /home/thanhtd71/ros2_ws/src/my_robot_interfaces/install/my_robot_interfaces/share/my_robot_interfaces/rust/src
-- Installing: /home/thanhtd71/ros2_ws/src/my_robot_interfaces/install/my_robot_interfaces/share/my_robot_interfaces/rust/src/msg
-- Installing: /home/thanhtd71/ros2_ws/src/my_robot_interfaces/install/my_robot_interfaces/share/my_robot_interfaces/rust/src/msg/rmw.rs
-- Installing: /home/thanhtd71/ros2_ws/src/my_robot_interfaces/install/my_robot_interfaces/share/my_robot_interfaces/rust/src/action.rs
-- Installing: /home/thanhtd71/ros2_ws/src/my_robot_interfaces/install/my_robot_interfaces/share/my_robot_interfaces/rust/src/msg.rs
-- Installing: /home/thanhtd71/ros2_ws/src/my_robot_interfaces/install/my_robot_interfaces/share/my_robot_interfaces/rust/src/srv.rs
-- Installing: /home/thanhtd71/ros2_ws/src/my_robot_interfaces/install/my_robot_interfaces/share/my_robot_interfaces/rust/src/lib.rs
-- Installing: /home/thanhtd71/ros2_ws/src/my_robot_interfaces/install/my_robot_interfaces/share/my_robot_interfaces/rust/src/srv
-- Installing: /home/thanhtd71/ros2_ws/src/my_robot_interfaces/install/my_robot_interfaces/share/my_robot_interfaces/rust/src/srv/rmw.rs
-- Installing: /home/thanhtd71/ros2_ws/src/my_robot_interfaces/install/my_robot_interfaces/share/my_robot_interfaces/rust/src/action
-- Installing: /home/thanhtd71/ros2_ws/src/my_robot_interfaces/install/my_robot_interfaces/share/my_robot_interfaces/rust/src/action/rmw.rs
-- Installing: /home/thanhtd71/ros2_ws/src/my_robot_interfaces/install/my_robot_interfaces/share/my_robot_interfaces/rust/Cargo.toml
-- Installing: /home/thanhtd71/ros2_ws/src/my_robot_interfaces/install/my_robot_interfaces/share/my_robot_interfaces/msg/HardwareStatus.idl
-- Installing: /home/thanhtd71/ros2_ws/src/my_robot_interfaces/install/my_robot_interfaces/share/my_robot_interfaces/srv/ResetCounter.idl
-- Installing: /home/thanhtd71/ros2_ws/src/my_robot_interfaces/install/my_robot_interfaces/share/my_robot_interfaces/action/CountUntil.idl
-- Installing: /home/thanhtd71/ros2_ws/src/my_robot_interfaces/install/my_robot_interfaces/share/my_robot_interfaces/msg/HardwareStatus.msg
-- Installing: /home/thanhtd71/ros2_ws/src/my_robot_interfaces/install/my_robot_interfaces/share/my_robot_interfaces/srv/ResetCounter.srv
-- Installing: /home/thanhtd71/ros2_ws/src/my_robot_interfaces/install/my_robot_interfaces/share/my_robot_interfaces/action/CountUntil.action
-- Installing: /home/thanhtd71/ros2_ws/src/my_robot_interfaces/install/my_robot_interfaces/share/ament_index/resource_index/package_run_dependencies/my_robot_interfaces
-- Installing: /home/thanhtd71/ros2_ws/src/my_robot_interfaces/install/my_robot_interfaces/share/ament_index/resource_index/parent_prefix_path/my_robot_interfaces
-- Installing: /home/thanhtd71/ros2_ws/src/my_robot_interfaces/install/my_robot_interfaces/share/my_robot_interfaces/environment/ament_prefix_path.sh
-- Installing: /home/thanhtd71/ros2_ws/src/my_robot_interfaces/install/my_robot_interfaces/share/my_robot_interfaces/environment/ament_prefix_path.dsv
-- Installing: /home/thanhtd71/ros2_ws/src/my_robot_interfaces/install/my_robot_interfaces/share/my_robot_interfaces/environment/path.sh
-- Installing: /home/thanhtd71/ros2_ws/src/my_robot_interfaces/install/my_robot_interfaces/share/my_robot_interfaces/environment/path.dsv
-- Installing: /home/thanhtd71/ros2_ws/src/my_robot_interfaces/install/my_robot_interfaces/share/my_robot_interfaces/local_setup.bash
-- Installing: /home/thanhtd71/ros2_ws/src/my_robot_interfaces/install/my_robot_interfaces/share/my_robot_interfaces/local_setup.sh
-- Installing: /home/thanhtd71/ros2_ws/src/my_robot_interfaces/install/my_robot_interfaces/share/my_robot_interfaces/local_setup.zsh
-- Installing: /home/thanhtd71/ros2_ws/src/my_robot_interfaces/install/my_robot_interfaces/share/my_robot_interfaces/local_setup.dsv
-- Installing: /home/thanhtd71/ros2_ws/src/my_robot_interfaces/install/my_robot_interfaces/share/my_robot_interfaces/package.dsv
-- Installing: /home/thanhtd71/ros2_ws/src/my_robot_interfaces/install/my_robot_interfaces/share/ament_index/resource_index/packages/my_robot_interfaces
-- Installing: /home/thanhtd71/ros2_ws/src/my_robot_interfaces/install/my_robot_interfaces/share/my_robot_interfaces/cmake/export_my_robot_interfaces__rosidl_generator_cExport.cmake
-- Installing: /home/thanhtd71/ros2_ws/src/my_robot_interfaces/install/my_robot_interfaces/share/my_robot_interfaces/cmake/export_my_robot_interfaces__rosidl_generator_cExport-noconfig.cmake
-- Installing: /home/thanhtd71/ros2_ws/src/my_robot_interfaces/install/my_robot_interfaces/share/my_robot_interfaces/cmake/export_my_robot_interfaces__rosidl_typesupport_fastrtps_cExport.cmake
-- Installing: /home/thanhtd71/ros2_ws/src/my_robot_interfaces/install/my_robot_interfaces/share/my_robot_interfaces/cmake/export_my_robot_interfaces__rosidl_typesupport_fastrtps_cExport-noconfig.cmake
-- Installing: /home/thanhtd71/ros2_ws/src/my_robot_interfaces/install/my_robot_interfaces/share/my_robot_interfaces/cmake/my_robot_interfaces__rosidl_typesupport_introspection_cExport.cmake
-- Installing: /home/thanhtd71/ros2_ws/src/my_robot_interfaces/install/my_robot_interfaces/share/my_robot_interfaces/cmake/my_robot_interfaces__rosidl_typesupport_introspection_cExport-noconfig.cmake
-- Installing: /home/thanhtd71/ros2_ws/src/my_robot_interfaces/install/my_robot_interfaces/share/my_robot_interfaces/cmake/my_robot_interfaces__rosidl_typesupport_cExport.cmake
-- Installing: /home/thanhtd71/ros2_ws/src/my_robot_interfaces/install/my_robot_interfaces/share/my_robot_interfaces/cmake/my_robot_interfaces__rosidl_typesupport_cExport-noconfig.cmake
-- Installing: /home/thanhtd71/ros2_ws/src/my_robot_interfaces/install/my_robot_interfaces/share/my_robot_interfaces/cmake/export_my_robot_interfaces__rosidl_generator_cppExport.cmake
-- Installing: /home/thanhtd71/ros2_ws/src/my_robot_interfaces/install/my_robot_interfaces/share/my_robot_interfaces/cmake/export_my_robot_interfaces__rosidl_typesupport_fastrtps_cppExport.cmake
-- Installing: /home/thanhtd71/ros2_ws/src/my_robot_interfaces/install/my_robot_interfaces/share/my_robot_interfaces/cmake/export_my_robot_interfaces__rosidl_typesupport_fastrtps_cppExport-noconfig.cmake
-- Installing: /home/thanhtd71/ros2_ws/src/my_robot_interfaces/install/my_robot_interfaces/share/my_robot_interfaces/cmake/my_robot_interfaces__rosidl_typesupport_introspection_cppExport.cmake
-- Installing: /home/thanhtd71/ros2_ws/src/my_robot_interfaces/install/my_robot_interfaces/share/my_robot_interfaces/cmake/my_robot_interfaces__rosidl_typesupport_introspection_cppExport-noconfig.cmake
-- Installing: /home/thanhtd71/ros2_ws/src/my_robot_interfaces/install/my_robot_interfaces/share/my_robot_interfaces/cmake/my_robot_interfaces__rosidl_typesupport_cppExport.cmake
-- Installing: /home/thanhtd71/ros2_ws/src/my_robot_interfaces/install/my_robot_interfaces/share/my_robot_interfaces/cmake/my_robot_interfaces__rosidl_typesupport_cppExport-noconfig.cmake
-- Installing: /home/thanhtd71/ros2_ws/src/my_robot_interfaces/install/my_robot_interfaces/share/my_robot_interfaces/cmake/export_my_robot_interfaces__rosidl_generator_pyExport.cmake
-- Installing: /home/thanhtd71/ros2_ws/src/my_robot_interfaces/install/my_robot_interfaces/share/my_robot_interfaces/cmake/export_my_robot_interfaces__rosidl_generator_pyExport-noconfig.cmake
-- Installing: /home/thanhtd71/ros2_ws/src/my_robot_interfaces/install/my_robot_interfaces/share/my_robot_interfaces/cmake/rosidl_cmake-extras.cmake
-- Installing: /home/thanhtd71/ros2_ws/src/my_robot_interfaces/install/my_robot_interfaces/share/my_robot_interfaces/cmake/ament_cmake_export_dependencies-extras.cmake
-- Installing: /home/thanhtd71/ros2_ws/src/my_robot_interfaces/install/my_robot_interfaces/share/my_robot_interfaces/cmake/ament_cmake_export_include_directories-extras.cmake
-- Installing: /home/thanhtd71/ros2_ws/src/my_robot_interfaces/install/my_robot_interfaces/share/my_robot_interfaces/cmake/ament_cmake_export_libraries-extras.cmake
-- Installing: /home/thanhtd71/ros2_ws/src/my_robot_interfaces/install/my_robot_interfaces/share/my_robot_interfaces/cmake/ament_cmake_export_targets-extras.cmake
-- Installing: /home/thanhtd71/ros2_ws/src/my_robot_interfaces/install/my_robot_interfaces/share/my_robot_interfaces/cmake/rosidl_cmake_export_typesupport_targets-extras.cmake
-- Installing: /home/thanhtd71/ros2_ws/src/my_robot_interfaces/install/my_robot_interfaces/share/my_robot_interfaces/cmake/rosidl_cmake_export_typesupport_libraries-extras.cmake
-- Installing: /home/thanhtd71/ros2_ws/src/my_robot_interfaces/install/my_robot_interfaces/share/my_robot_interfaces/cmake/rosidl_cmake_aggregate_target-extras.cmake
-- Installing: /home/thanhtd71/ros2_ws/src/my_robot_interfaces/install/my_robot_interfaces/share/my_robot_interfaces/cmake/my_robot_interfacesConfig.cmake
-- Installing: /home/thanhtd71/ros2_ws/src/my_robot_interfaces/install/my_robot_interfaces/share/my_robot_interfaces/cmake/my_robot_interfacesConfig-version.cmake
-- Installing: /home/thanhtd71/ros2_ws/src/my_robot_interfaces/install/my_robot_interfaces/share/my_robot_interfaces/package.xml
