[0.010s] Invoking command in '/home/thanhtd71/ros2_ws/src/my_robot_interfaces/build/my_robot_interfaces': CMAKE_PREFIX_PATH=${CMAKE_PREFIX_PATH}:/home/thanhtd71/ros2_ws/install/my_py_pkg:/home/thanhtd71/ros2_ws/install/my_first_pkg:/opt/ros/jazzy DEBUGINFOD_URLS=https://debuginfod.ubuntu.com /usr/bin/cmake /home/thanhtd71/ros2_ws/src/my_robot_interfaces -DCMAKE_INSTALL_PREFIX=/home/thanhtd71/ros2_ws/src/my_robot_interfaces/install/my_robot_interfaces
[0.141s] -- The C compiler identification is GNU 13.3.0
[0.228s] -- The CXX compiler identification is GNU 13.3.0
[0.258s] -- Detecting C compiler ABI info
[0.392s] -- Detecting C compiler ABI info - done
[0.403s] -- Check for working C compiler: /usr/bin/cc - skipped
[0.403s] -- Detecting C compile features
[0.403s] -- Detecting C compile features - done
[0.413s] -- Detecting CXX compiler ABI info
[0.508s] -- Detecting CXX compiler ABI info - done
[0.515s] -- Check for working CXX compiler: /usr/bin/c++ - skipped
[0.515s] -- Detecting CXX compile features
[0.515s] -- Detecting CXX compile features - done
[0.535s] -- Found ament_cmake: 2.5.6 (/opt/ros/jazzy/share/ament_cmake/cmake)
[0.683s] -- Found Python3: /usr/bin/python3 (found version "3.12.3") found components: Interpreter 
[0.796s] -- Found rosidl_default_generators: 1.6.1 (/opt/ros/jazzy/share/rosidl_default_generators/cmake)
[0.806s] -- Using all available rosidl_typesupport_c: rosidl_typesupport_fastrtps_c;rosidl_typesupport_introspection_c
[0.863s] -- Using all available rosidl_typesupport_cpp: rosidl_typesupport_fastrtps_cpp;rosidl_typesupport_introspection_cpp
[0.918s] -- Found rosidl_adapter: 4.6.9 (/opt/ros/jazzy/share/rosidl_adapter/cmake)
[1.548s] -- Found ament_cmake_ros: 0.12.1 (/opt/ros/jazzy/share/ament_cmake_ros/cmake)
[1.967s] -- Using all available rosidl_typesupport_c: rosidl_typesupport_fastrtps_c;rosidl_typesupport_introspection_c
[2.548s] -- Using all available rosidl_typesupport_cpp: rosidl_typesupport_fastrtps_cpp;rosidl_typesupport_introspection_cpp
[2.557s] -- Found python_cmake_module: 0.11.1 (/opt/ros/jazzy/share/python_cmake_module/cmake)
[2.693s] -- Found PythonExtra: /usr/bin/python3  
[3.171s] -- Found Python3: /usr/bin/python3 (found version "3.12.3") found components: Interpreter Development NumPy Development.Module Development.Embed 
[3.238s] -- Found Python3: /usr/bin/python3 (found version "3.12.3") found components: Interpreter 
[3.243s] -- Found ament_lint_auto: 0.17.5 (/opt/ros/jazzy/share/ament_lint_auto/cmake)
[3.272s] -- Added test 'cppcheck' to perform static code analysis on C / C++ code
[3.272s] -- Configured cppcheck include dirs: $<BUILD_INTERFACE:/home/thanhtd71/ros2_ws/src/my_robot_interfaces/build/my_robot_interfaces/rosidl_generator_c>;$<BUILD_INTERFACE:/home/thanhtd71/ros2_ws/src/my_robot_interfaces/build/my_robot_interfaces/rosidl_typesupport_fastrtps_c>;$<BUILD_INTERFACE:/home/thanhtd71/ros2_ws/src/my_robot_interfaces/build/my_robot_interfaces/rosidl_typesupport_introspection_c>;$<BUILD_INTERFACE:/home/thanhtd71/ros2_ws/src/my_robot_interfaces/build/my_robot_interfaces/rosidl_generator_cpp>;$<BUILD_INTERFACE:/home/thanhtd71/ros2_ws/src/my_robot_interfaces/build/my_robot_interfaces/rosidl_typesupport_fastrtps_cpp>;$<BUILD_INTERFACE:/home/thanhtd71/ros2_ws/src/my_robot_interfaces/build/my_robot_interfaces/rosidl_typesupport_introspection_cpp>;/home/thanhtd71/ros2_ws/src/my_robot_interfaces/build/my_robot_interfaces/rosidl_generator_c;/home/thanhtd71/ros2_ws/src/my_robot_interfaces/build/my_robot_interfaces/rosidl_generator_py
[3.272s] -- Configured cppcheck exclude dirs and/or files: 
[3.274s] -- Added test 'flake8' to check Python code syntax and style conventions
[3.274s] -- Configured 'flake8' exclude dirs and/or files: 
[3.276s] -- Added test 'lint_cmake' to check CMake code style
[3.277s] -- Added test 'pep257' to check Python code against some of the docstring style conventions in PEP 257
[3.281s] -- Added test 'uncrustify' to check C / C++ code style
[3.281s] -- Configured uncrustify additional arguments: 
[3.282s] -- Added test 'xmllint' to check XML markup files
[3.285s] -- Configuring done (3.3s)
[3.317s] -- Generating done (0.0s)
[3.327s] -- Build files have been written to: /home/thanhtd71/ros2_ws/src/my_robot_interfaces/build/my_robot_interfaces
[3.335s] Invoked command in '/home/thanhtd71/ros2_ws/src/my_robot_interfaces/build/my_robot_interfaces' returned '0': CMAKE_PREFIX_PATH=${CMAKE_PREFIX_PATH}:/home/thanhtd71/ros2_ws/install/my_py_pkg:/home/thanhtd71/ros2_ws/install/my_first_pkg:/opt/ros/jazzy DEBUGINFOD_URLS=https://debuginfod.ubuntu.com /usr/bin/cmake /home/thanhtd71/ros2_ws/src/my_robot_interfaces -DCMAKE_INSTALL_PREFIX=/home/thanhtd71/ros2_ws/src/my_robot_interfaces/install/my_robot_interfaces
[3.337s] Invoking command in '/home/thanhtd71/ros2_ws/src/my_robot_interfaces/build/my_robot_interfaces': CMAKE_PREFIX_PATH=${CMAKE_PREFIX_PATH}:/home/thanhtd71/ros2_ws/install/my_py_pkg:/home/thanhtd71/ros2_ws/install/my_first_pkg:/opt/ros/jazzy DEBUGINFOD_URLS=https://debuginfod.ubuntu.com /usr/bin/cmake --build /home/thanhtd71/ros2_ws/src/my_robot_interfaces/build/my_robot_interfaces -- -j12 -l12
[3.385s] [  1%] [34m[1mGenerating type hashes for ROS interfaces[0m
[3.390s] [  3%] [34m[1mGenerating Rust code for ROS interfaces[0m
[3.394s] [  3%] Built target ament_cmake_python_copy_my_robot_interfaces
[3.578s] running egg_info
[3.593s] creating my_robot_interfaces.egg-info
[3.594s] writing my_robot_interfaces.egg-info/PKG-INFO
[3.594s] writing dependency_links to my_robot_interfaces.egg-info/dependency_links.txt
[3.594s] writing top-level names to my_robot_interfaces.egg-info/top_level.txt
[3.594s] writing manifest file 'my_robot_interfaces.egg-info/SOURCES.txt'
[3.626s] [  3%] Built target my_robot_interfaces__rosidl_generator_type_description
[3.640s] [  5%] [34m[1mGenerating C code for ROS interfaces[0m
[3.645s] [  7%] [34m[1mGenerating C++ code for ROS interfaces[0m
[3.647s] [  7%] Built target my_robot_interfaces__rs
[3.660s] reading manifest file 'my_robot_interfaces.egg-info/SOURCES.txt'
[3.661s] writing manifest file 'my_robot_interfaces.egg-info/SOURCES.txt'
[3.691s] [  7%] Built target ament_cmake_python_build_my_robot_interfaces_egg
[4.040s] [  7%] Built target my_robot_interfaces__cpp
[4.122s] [  9%] [32mBuilding C object CMakeFiles/my_robot_interfaces__rosidl_generator_c.dir/rosidl_generator_c/my_robot_interfaces/msg/detail/hardware_status__functions.c.o[0m
[4.122s] [ 12%] [32mBuilding C object CMakeFiles/my_robot_interfaces__rosidl_generator_c.dir/rosidl_generator_c/my_robot_interfaces/srv/detail/reset_counter__functions.c.o[0m
[4.123s] [ 12%] [32mBuilding C object CMakeFiles/my_robot_interfaces__rosidl_generator_c.dir/rosidl_generator_c/my_robot_interfaces/msg/detail/hardware_status__description.c.o[0m
[4.123s] [ 14%] [32mBuilding C object CMakeFiles/my_robot_interfaces__rosidl_generator_c.dir/rosidl_generator_c/my_robot_interfaces/srv/detail/reset_counter__description.c.o[0m
[4.123s] [ 16%] [32mBuilding C object CMakeFiles/my_robot_interfaces__rosidl_generator_c.dir/rosidl_generator_c/my_robot_interfaces/srv/detail/reset_counter__type_support.c.o[0m
[4.123s] [ 18%] [32mBuilding C object CMakeFiles/my_robot_interfaces__rosidl_generator_c.dir/rosidl_generator_c/my_robot_interfaces/action/detail/count_until__functions.c.o[0m
[4.123s] [ 20%] [32mBuilding C object CMakeFiles/my_robot_interfaces__rosidl_generator_c.dir/rosidl_generator_c/my_robot_interfaces/msg/detail/hardware_status__type_support.c.o[0m
[4.125s] [ 21%] [32mBuilding C object CMakeFiles/my_robot_interfaces__rosidl_generator_c.dir/rosidl_generator_c/my_robot_interfaces/action/detail/count_until__description.c.o[0m
[4.125s] [ 23%] [32mBuilding C object CMakeFiles/my_robot_interfaces__rosidl_generator_c.dir/rosidl_generator_c/my_robot_interfaces/action/detail/count_until__type_support.c.o[0m
[4.269s] [ 25%] [32m[1mLinking C shared library libmy_robot_interfaces__rosidl_generator_c.so[0m
[4.309s] [ 25%] Built target my_robot_interfaces__rosidl_generator_c
[4.318s] [ 30%] [34m[1mGenerating C++ introspection for ROS interfaces[0m
[4.318s] [ 30%] [34m[1mGenerating C++ type support dispatch for ROS interfaces[0m
[4.318s] [ 30%] [34m[1mGenerating C++ type support for eProsima Fast-RTPS[0m
[4.321s] [ 36%] [34m[1mGenerating C type support dispatch for ROS interfaces[0m
[4.321s] [ 36%] [34m[1mGenerating C type support for eProsima Fast-RTPS[0m
[4.321s] [ 36%] [34m[1mGenerating C introspection for ROS interfaces[0m
[4.700s] [ 40%] [32mBuilding CXX object CMakeFiles/my_robot_interfaces__rosidl_typesupport_introspection_cpp.dir/rosidl_typesupport_introspection_cpp/my_robot_interfaces/msg/detail/hardware_status__type_support.cpp.o[0m
[4.701s] [ 40%] [32mBuilding CXX object CMakeFiles/my_robot_interfaces__rosidl_typesupport_introspection_cpp.dir/rosidl_typesupport_introspection_cpp/my_robot_interfaces/action/detail/count_until__type_support.cpp.o[0m
[4.703s] [ 41%] [32mBuilding CXX object CMakeFiles/my_robot_interfaces__rosidl_typesupport_introspection_cpp.dir/rosidl_typesupport_introspection_cpp/my_robot_interfaces/srv/detail/reset_counter__type_support.cpp.o[0m
[4.737s] [ 45%] [32mBuilding CXX object CMakeFiles/my_robot_interfaces__rosidl_typesupport_cpp.dir/rosidl_typesupport_cpp/my_robot_interfaces/msg/hardware_status__type_support.cpp.o[0m
[4.737s] [ 45%] [32mBuilding CXX object CMakeFiles/my_robot_interfaces__rosidl_typesupport_cpp.dir/rosidl_typesupport_cpp/my_robot_interfaces/srv/reset_counter__type_support.cpp.o[0m
[4.739s] [ 47%] [32mBuilding CXX object CMakeFiles/my_robot_interfaces__rosidl_typesupport_cpp.dir/rosidl_typesupport_cpp/my_robot_interfaces/action/count_until__type_support.cpp.o[0m
[4.815s] [ 49%] [32mBuilding CXX object CMakeFiles/my_robot_interfaces__rosidl_typesupport_c.dir/rosidl_typesupport_c/my_robot_interfaces/msg/hardware_status__type_support.cpp.o[0m
[4.816s] [ 50%] [32mBuilding CXX object CMakeFiles/my_robot_interfaces__rosidl_typesupport_c.dir/rosidl_typesupport_c/my_robot_interfaces/srv/reset_counter__type_support.cpp.o[0m
[4.824s] [ 52%] [32mBuilding CXX object CMakeFiles/my_robot_interfaces__rosidl_typesupport_c.dir/rosidl_typesupport_c/my_robot_interfaces/action/count_until__type_support.cpp.o[0m
[4.904s] [ 54%] [32m[1mLinking CXX shared library libmy_robot_interfaces__rosidl_typesupport_c.so[0m
[4.911s] [ 56%] [32mBuilding CXX object CMakeFiles/my_robot_interfaces__rosidl_typesupport_fastrtps_cpp.dir/rosidl_typesupport_fastrtps_cpp/my_robot_interfaces/action/detail/dds_fastrtps/count_until__type_support.cpp.o[0m
[4.912s] [ 60%] [32mBuilding CXX object CMakeFiles/my_robot_interfaces__rosidl_typesupport_fastrtps_cpp.dir/rosidl_typesupport_fastrtps_cpp/my_robot_interfaces/srv/detail/dds_fastrtps/reset_counter__type_support.cpp.o[0m
[4.912s] [ 60%] [32mBuilding CXX object CMakeFiles/my_robot_interfaces__rosidl_typesupport_fastrtps_cpp.dir/rosidl_typesupport_fastrtps_cpp/my_robot_interfaces/msg/detail/dds_fastrtps/hardware_status__type_support.cpp.o[0m
[4.923s] [ 61%] [32mBuilding C object CMakeFiles/my_robot_interfaces__rosidl_typesupport_introspection_c.dir/rosidl_typesupport_introspection_c/my_robot_interfaces/msg/detail/hardware_status__type_support.c.o[0m
[4.998s] [ 61%] Built target my_robot_interfaces__rosidl_typesupport_c
[5.033s] [ 63%] [32mBuilding C object CMakeFiles/my_robot_interfaces__rosidl_typesupport_introspection_c.dir/rosidl_typesupport_introspection_c/my_robot_interfaces/srv/detail/reset_counter__type_support.c.o[0m
[5.091s] [ 65%] [32mBuilding C object CMakeFiles/my_robot_interfaces__rosidl_typesupport_introspection_c.dir/rosidl_typesupport_introspection_c/my_robot_interfaces/action/detail/count_until__type_support.c.o[0m
[5.254s] [ 67%] [32m[1mLinking C shared library libmy_robot_interfaces__rosidl_typesupport_introspection_c.so[0m
[5.299s] [ 67%] Built target my_robot_interfaces__rosidl_typesupport_introspection_c
[5.329s] [ 69%] [32mBuilding CXX object CMakeFiles/my_robot_interfaces__rosidl_typesupport_fastrtps_c.dir/rosidl_typesupport_fastrtps_c/my_robot_interfaces/action/detail/count_until__type_support_c.cpp.o[0m
[5.330s] [ 70%] [32mBuilding CXX object CMakeFiles/my_robot_interfaces__rosidl_typesupport_fastrtps_c.dir/rosidl_typesupport_fastrtps_c/my_robot_interfaces/msg/detail/hardware_status__type_support_c.cpp.o[0m
[5.330s] [ 72%] [32mBuilding CXX object CMakeFiles/my_robot_interfaces__rosidl_typesupport_fastrtps_c.dir/rosidl_typesupport_fastrtps_c/my_robot_interfaces/srv/detail/reset_counter__type_support_c.cpp.o[0m
[5.637s] [ 74%] [32m[1mLinking CXX shared library libmy_robot_interfaces__rosidl_typesupport_cpp.so[0m
[5.711s] [ 74%] Built target my_robot_interfaces__rosidl_typesupport_cpp
[5.769s] [ 76%] [32m[1mLinking CXX shared library libmy_robot_interfaces__rosidl_typesupport_introspection_cpp.so[0m
[5.845s] [ 76%] Built target my_robot_interfaces__rosidl_typesupport_introspection_cpp
[6.022s] [ 78%] [32m[1mLinking CXX shared library libmy_robot_interfaces__rosidl_typesupport_fastrtps_c.so[0m
[6.061s] [ 80%] [32m[1mLinking CXX shared library libmy_robot_interfaces__rosidl_typesupport_fastrtps_cpp.so[0m
[6.090s] [ 80%] Built target my_robot_interfaces__rosidl_typesupport_fastrtps_c
[6.129s] [ 80%] Built target my_robot_interfaces__rosidl_typesupport_fastrtps_cpp
[6.148s] [ 80%] Built target my_robot_interfaces
[6.165s] [ 81%] [34m[1mGenerating Python code for ROS interfaces[0m
[6.771s] [ 81%] Built target my_robot_interfaces__py
[6.792s] [ 83%] [32mBuilding C object CMakeFiles/my_robot_interfaces__rosidl_generator_py.dir/rosidl_generator_py/my_robot_interfaces/action/_count_until_s.c.o[0m
[6.794s] [ 87%] [32mBuilding C object CMakeFiles/my_robot_interfaces__rosidl_generator_py.dir/rosidl_generator_py/my_robot_interfaces/srv/_reset_counter_s.c.o[0m
[6.794s] [ 87%] [32mBuilding C object CMakeFiles/my_robot_interfaces__rosidl_generator_py.dir/rosidl_generator_py/my_robot_interfaces/msg/_hardware_status_s.c.o[0m
[6.958s] [ 89%] [32m[1mLinking C shared library libmy_robot_interfaces__rosidl_generator_py.so[0m
[6.996s] [ 89%] Built target my_robot_interfaces__rosidl_generator_py
[7.012s] [ 90%] [32mBuilding C object CMakeFiles/my_robot_interfaces_s__rosidl_typesupport_c.dir/rosidl_generator_py/my_robot_interfaces/_my_robot_interfaces_s.ep.rosidl_typesupport_c.c.o[0m
[7.016s] [ 92%] [32mBuilding C object CMakeFiles/my_robot_interfaces_s__rosidl_typesupport_fastrtps_c.dir/rosidl_generator_py/my_robot_interfaces/_my_robot_interfaces_s.ep.rosidl_typesupport_fastrtps_c.c.o[0m
[7.016s] [ 94%] [32mBuilding C object CMakeFiles/my_robot_interfaces_s__rosidl_typesupport_introspection_c.dir/rosidl_generator_py/my_robot_interfaces/_my_robot_interfaces_s.ep.rosidl_typesupport_introspection_c.c.o[0m
[7.111s] [ 96%] [32m[1mLinking C shared module rosidl_generator_py/my_robot_interfaces/my_robot_interfaces_s__rosidl_typesupport_c.so[0m
[7.112s] [ 98%] [32m[1mLinking C shared module rosidl_generator_py/my_robot_interfaces/my_robot_interfaces_s__rosidl_typesupport_fastrtps_c.so[0m
[7.119s] [100%] [32m[1mLinking C shared module rosidl_generator_py/my_robot_interfaces/my_robot_interfaces_s__rosidl_typesupport_introspection_c.so[0m
[7.140s] [100%] Built target my_robot_interfaces_s__rosidl_typesupport_c
[7.140s] [100%] Built target my_robot_interfaces_s__rosidl_typesupport_fastrtps_c
[7.145s] [100%] Built target my_robot_interfaces_s__rosidl_typesupport_introspection_c
[7.154s] Invoked command in '/home/thanhtd71/ros2_ws/src/my_robot_interfaces/build/my_robot_interfaces' returned '0': CMAKE_PREFIX_PATH=${CMAKE_PREFIX_PATH}:/home/thanhtd71/ros2_ws/install/my_py_pkg:/home/thanhtd71/ros2_ws/install/my_first_pkg:/opt/ros/jazzy DEBUGINFOD_URLS=https://debuginfod.ubuntu.com /usr/bin/cmake --build /home/thanhtd71/ros2_ws/src/my_robot_interfaces/build/my_robot_interfaces -- -j12 -l12
[7.162s] Invoking command in '/home/thanhtd71/ros2_ws/src/my_robot_interfaces/build/my_robot_interfaces': CMAKE_PREFIX_PATH=${CMAKE_PREFIX_PATH}:/home/thanhtd71/ros2_ws/install/my_py_pkg:/home/thanhtd71/ros2_ws/install/my_first_pkg:/opt/ros/jazzy DEBUGINFOD_URLS=https://debuginfod.ubuntu.com /usr/bin/cmake --install /home/thanhtd71/ros2_ws/src/my_robot_interfaces/build/my_robot_interfaces
[7.171s] -- Install configuration: ""
[7.171s] -- Installing: /home/thanhtd71/ros2_ws/src/my_robot_interfaces/install/my_robot_interfaces/share/ament_index/resource_index/rosidl_interfaces/my_robot_interfaces
[7.171s] -- Installing: /home/thanhtd71/ros2_ws/src/my_robot_interfaces/install/my_robot_interfaces/share/my_robot_interfaces/msg/HardwareStatus.json
[7.171s] -- Installing: /home/thanhtd71/ros2_ws/src/my_robot_interfaces/install/my_robot_interfaces/share/my_robot_interfaces/srv/ResetCounter.json
[7.171s] -- Installing: /home/thanhtd71/ros2_ws/src/my_robot_interfaces/install/my_robot_interfaces/share/my_robot_interfaces/action/CountUntil.json
[7.171s] -- Installing: /home/thanhtd71/ros2_ws/src/my_robot_interfaces/install/my_robot_interfaces/include/my_robot_interfaces/my_robot_interfaces
[7.171s] -- Installing: /home/thanhtd71/ros2_ws/src/my_robot_interfaces/install/my_robot_interfaces/include/my_robot_interfaces/my_robot_interfaces/msg
[7.171s] -- Installing: /home/thanhtd71/ros2_ws/src/my_robot_interfaces/install/my_robot_interfaces/include/my_robot_interfaces/my_robot_interfaces/msg/detail
[7.171s] -- Installing: /home/thanhtd71/ros2_ws/src/my_robot_interfaces/install/my_robot_interfaces/include/my_robot_interfaces/my_robot_interfaces/msg/detail/hardware_status__type_support.h
[7.171s] -- Installing: /home/thanhtd71/ros2_ws/src/my_robot_interfaces/install/my_robot_interfaces/include/my_robot_interfaces/my_robot_interfaces/msg/detail/hardware_status__description.c
[7.171s] -- Installing: /home/thanhtd71/ros2_ws/src/my_robot_interfaces/install/my_robot_interfaces/include/my_robot_interfaces/my_robot_interfaces/msg/detail/hardware_status__type_support.c
[7.171s] -- Installing: /home/thanhtd71/ros2_ws/src/my_robot_interfaces/install/my_robot_interfaces/include/my_robot_interfaces/my_robot_interfaces/msg/detail/hardware_status__struct.h
[7.171s] -- Installing: /home/thanhtd71/ros2_ws/src/my_robot_interfaces/install/my_robot_interfaces/include/my_robot_interfaces/my_robot_interfaces/msg/detail/hardware_status__functions.h
[7.171s] -- Installing: /home/thanhtd71/ros2_ws/src/my_robot_interfaces/install/my_robot_interfaces/include/my_robot_interfaces/my_robot_interfaces/msg/detail/hardware_status__functions.c
[7.171s] -- Installing: /home/thanhtd71/ros2_ws/src/my_robot_interfaces/install/my_robot_interfaces/include/my_robot_interfaces/my_robot_interfaces/msg/hardware_status.h
[7.171s] -- Installing: /home/thanhtd71/ros2_ws/src/my_robot_interfaces/install/my_robot_interfaces/include/my_robot_interfaces/my_robot_interfaces/msg/rosidl_generator_c__visibility_control.h
[7.172s] -- Installing: /home/thanhtd71/ros2_ws/src/my_robot_interfaces/install/my_robot_interfaces/include/my_robot_interfaces/my_robot_interfaces/srv
[7.172s] -- Installing: /home/thanhtd71/ros2_ws/src/my_robot_interfaces/install/my_robot_interfaces/include/my_robot_interfaces/my_robot_interfaces/srv/reset_counter.h
[7.172s] -- Installing: /home/thanhtd71/ros2_ws/src/my_robot_interfaces/install/my_robot_interfaces/include/my_robot_interfaces/my_robot_interfaces/srv/detail
[7.172s] -- Installing: /home/thanhtd71/ros2_ws/src/my_robot_interfaces/install/my_robot_interfaces/include/my_robot_interfaces/my_robot_interfaces/srv/detail/reset_counter__functions.c
[7.172s] -- Installing: /home/thanhtd71/ros2_ws/src/my_robot_interfaces/install/my_robot_interfaces/include/my_robot_interfaces/my_robot_interfaces/srv/detail/reset_counter__type_support.c
[7.172s] -- Installing: /home/thanhtd71/ros2_ws/src/my_robot_interfaces/install/my_robot_interfaces/include/my_robot_interfaces/my_robot_interfaces/srv/detail/reset_counter__type_support.h
[7.172s] -- Installing: /home/thanhtd71/ros2_ws/src/my_robot_interfaces/install/my_robot_interfaces/include/my_robot_interfaces/my_robot_interfaces/srv/detail/reset_counter__functions.h
[7.172s] -- Installing: /home/thanhtd71/ros2_ws/src/my_robot_interfaces/install/my_robot_interfaces/include/my_robot_interfaces/my_robot_interfaces/srv/detail/reset_counter__struct.h
[7.172s] -- Installing: /home/thanhtd71/ros2_ws/src/my_robot_interfaces/install/my_robot_interfaces/include/my_robot_interfaces/my_robot_interfaces/srv/detail/reset_counter__description.c
[7.172s] -- Installing: /home/thanhtd71/ros2_ws/src/my_robot_interfaces/install/my_robot_interfaces/include/my_robot_interfaces/my_robot_interfaces/action
[7.172s] -- Installing: /home/thanhtd71/ros2_ws/src/my_robot_interfaces/install/my_robot_interfaces/include/my_robot_interfaces/my_robot_interfaces/action/count_until.h
[7.172s] -- Installing: /home/thanhtd71/ros2_ws/src/my_robot_interfaces/install/my_robot_interfaces/include/my_robot_interfaces/my_robot_interfaces/action/detail
[7.172s] -- Installing: /home/thanhtd71/ros2_ws/src/my_robot_interfaces/install/my_robot_interfaces/include/my_robot_interfaces/my_robot_interfaces/action/detail/count_until__functions.h
[7.172s] -- Installing: /home/thanhtd71/ros2_ws/src/my_robot_interfaces/install/my_robot_interfaces/include/my_robot_interfaces/my_robot_interfaces/action/detail/count_until__description.c
[7.172s] -- Installing: /home/thanhtd71/ros2_ws/src/my_robot_interfaces/install/my_robot_interfaces/include/my_robot_interfaces/my_robot_interfaces/action/detail/count_until__functions.c
[7.172s] -- Installing: /home/thanhtd71/ros2_ws/src/my_robot_interfaces/install/my_robot_interfaces/include/my_robot_interfaces/my_robot_interfaces/action/detail/count_until__type_support.h
[7.172s] -- Installing: /home/thanhtd71/ros2_ws/src/my_robot_interfaces/install/my_robot_interfaces/include/my_robot_interfaces/my_robot_interfaces/action/detail/count_until__type_support.c
[7.172s] -- Installing: /home/thanhtd71/ros2_ws/src/my_robot_interfaces/install/my_robot_interfaces/include/my_robot_interfaces/my_robot_interfaces/action/detail/count_until__struct.h
[7.172s] -- Installing: /home/thanhtd71/ros2_ws/src/my_robot_interfaces/install/my_robot_interfaces/share/my_robot_interfaces/environment/library_path.sh
[7.172s] -- Installing: /home/thanhtd71/ros2_ws/src/my_robot_interfaces/install/my_robot_interfaces/share/my_robot_interfaces/environment/library_path.dsv
[7.172s] -- Installing: /home/thanhtd71/ros2_ws/src/my_robot_interfaces/install/my_robot_interfaces/lib/libmy_robot_interfaces__rosidl_generator_c.so
[7.173s] -- Set non-toolchain portion of runtime path of "/home/thanhtd71/ros2_ws/src/my_robot_interfaces/install/my_robot_interfaces/lib/libmy_robot_interfaces__rosidl_generator_c.so" to ""
[7.173s] -- Up-to-date: /home/thanhtd71/ros2_ws/src/my_robot_interfaces/install/my_robot_interfaces/include/my_robot_interfaces/my_robot_interfaces
[7.173s] -- Up-to-date: /home/thanhtd71/ros2_ws/src/my_robot_interfaces/install/my_robot_interfaces/include/my_robot_interfaces/my_robot_interfaces/msg
[7.173s] -- Up-to-date: /home/thanhtd71/ros2_ws/src/my_robot_interfaces/install/my_robot_interfaces/include/my_robot_interfaces/my_robot_interfaces/msg/detail
[7.173s] -- Installing: /home/thanhtd71/ros2_ws/src/my_robot_interfaces/install/my_robot_interfaces/include/my_robot_interfaces/my_robot_interfaces/msg/detail/hardware_status__rosidl_typesupport_fastrtps_c.h
[7.173s] -- Installing: /home/thanhtd71/ros2_ws/src/my_robot_interfaces/install/my_robot_interfaces/include/my_robot_interfaces/my_robot_interfaces/msg/rosidl_typesupport_fastrtps_c__visibility_control.h
[7.173s] -- Up-to-date: /home/thanhtd71/ros2_ws/src/my_robot_interfaces/install/my_robot_interfaces/include/my_robot_interfaces/my_robot_interfaces/srv
[7.173s] -- Up-to-date: /home/thanhtd71/ros2_ws/src/my_robot_interfaces/install/my_robot_interfaces/include/my_robot_interfaces/my_robot_interfaces/srv/detail
[7.173s] -- Installing: /home/thanhtd71/ros2_ws/src/my_robot_interfaces/install/my_robot_interfaces/include/my_robot_interfaces/my_robot_interfaces/srv/detail/reset_counter__rosidl_typesupport_fastrtps_c.h
[7.173s] -- Up-to-date: /home/thanhtd71/ros2_ws/src/my_robot_interfaces/install/my_robot_interfaces/include/my_robot_interfaces/my_robot_interfaces/action
[7.173s] -- Up-to-date: /home/thanhtd71/ros2_ws/src/my_robot_interfaces/install/my_robot_interfaces/include/my_robot_interfaces/my_robot_interfaces/action/detail
[7.173s] -- Installing: /home/thanhtd71/ros2_ws/src/my_robot_interfaces/install/my_robot_interfaces/include/my_robot_interfaces/my_robot_interfaces/action/detail/count_until__rosidl_typesupport_fastrtps_c.h
[7.173s] -- Installing: /home/thanhtd71/ros2_ws/src/my_robot_interfaces/install/my_robot_interfaces/lib/libmy_robot_interfaces__rosidl_typesupport_fastrtps_c.so
[7.173s] -- Set non-toolchain portion of runtime path of "/home/thanhtd71/ros2_ws/src/my_robot_interfaces/install/my_robot_interfaces/lib/libmy_robot_interfaces__rosidl_typesupport_fastrtps_c.so" to ""
[7.173s] -- Up-to-date: /home/thanhtd71/ros2_ws/src/my_robot_interfaces/install/my_robot_interfaces/include/my_robot_interfaces/my_robot_interfaces
[7.173s] -- Up-to-date: /home/thanhtd71/ros2_ws/src/my_robot_interfaces/install/my_robot_interfaces/include/my_robot_interfaces/my_robot_interfaces/msg
[7.173s] -- Installing: /home/thanhtd71/ros2_ws/src/my_robot_interfaces/install/my_robot_interfaces/include/my_robot_interfaces/my_robot_interfaces/msg/rosidl_typesupport_introspection_c__visibility_control.h
[7.173s] -- Up-to-date: /home/thanhtd71/ros2_ws/src/my_robot_interfaces/install/my_robot_interfaces/include/my_robot_interfaces/my_robot_interfaces/msg/detail
[7.173s] -- Up-to-date: /home/thanhtd71/ros2_ws/src/my_robot_interfaces/install/my_robot_interfaces/include/my_robot_interfaces/my_robot_interfaces/msg/detail/hardware_status__type_support.c
[7.174s] -- Installing: /home/thanhtd71/ros2_ws/src/my_robot_interfaces/install/my_robot_interfaces/include/my_robot_interfaces/my_robot_interfaces/msg/detail/hardware_status__rosidl_typesupport_introspection_c.h
[7.174s] -- Up-to-date: /home/thanhtd71/ros2_ws/src/my_robot_interfaces/install/my_robot_interfaces/include/my_robot_interfaces/my_robot_interfaces/srv
[7.174s] -- Up-to-date: /home/thanhtd71/ros2_ws/src/my_robot_interfaces/install/my_robot_interfaces/include/my_robot_interfaces/my_robot_interfaces/srv/detail
[7.174s] -- Up-to-date: /home/thanhtd71/ros2_ws/src/my_robot_interfaces/install/my_robot_interfaces/include/my_robot_interfaces/my_robot_interfaces/srv/detail/reset_counter__type_support.c
[7.174s] -- Installing: /home/thanhtd71/ros2_ws/src/my_robot_interfaces/install/my_robot_interfaces/include/my_robot_interfaces/my_robot_interfaces/srv/detail/reset_counter__rosidl_typesupport_introspection_c.h
[7.174s] -- Up-to-date: /home/thanhtd71/ros2_ws/src/my_robot_interfaces/install/my_robot_interfaces/include/my_robot_interfaces/my_robot_interfaces/action
[7.174s] -- Up-to-date: /home/thanhtd71/ros2_ws/src/my_robot_interfaces/install/my_robot_interfaces/include/my_robot_interfaces/my_robot_interfaces/action/detail
[7.174s] -- Installing: /home/thanhtd71/ros2_ws/src/my_robot_interfaces/install/my_robot_interfaces/include/my_robot_interfaces/my_robot_interfaces/action/detail/count_until__rosidl_typesupport_introspection_c.h
[7.174s] -- Up-to-date: /home/thanhtd71/ros2_ws/src/my_robot_interfaces/install/my_robot_interfaces/include/my_robot_interfaces/my_robot_interfaces/action/detail/count_until__type_support.c
[7.174s] -- Installing: /home/thanhtd71/ros2_ws/src/my_robot_interfaces/install/my_robot_interfaces/lib/libmy_robot_interfaces__rosidl_typesupport_introspection_c.so
[7.174s] -- Set non-toolchain portion of runtime path of "/home/thanhtd71/ros2_ws/src/my_robot_interfaces/install/my_robot_interfaces/lib/libmy_robot_interfaces__rosidl_typesupport_introspection_c.so" to ""
[7.174s] -- Installing: /home/thanhtd71/ros2_ws/src/my_robot_interfaces/install/my_robot_interfaces/lib/libmy_robot_interfaces__rosidl_typesupport_c.so
[7.174s] -- Set non-toolchain portion of runtime path of "/home/thanhtd71/ros2_ws/src/my_robot_interfaces/install/my_robot_interfaces/lib/libmy_robot_interfaces__rosidl_typesupport_c.so" to ""
[7.174s] -- Up-to-date: /home/thanhtd71/ros2_ws/src/my_robot_interfaces/install/my_robot_interfaces/include/my_robot_interfaces/my_robot_interfaces
[7.174s] -- Up-to-date: /home/thanhtd71/ros2_ws/src/my_robot_interfaces/install/my_robot_interfaces/include/my_robot_interfaces/my_robot_interfaces/msg
[7.174s] -- Installing: /home/thanhtd71/ros2_ws/src/my_robot_interfaces/install/my_robot_interfaces/include/my_robot_interfaces/my_robot_interfaces/msg/rosidl_generator_cpp__visibility_control.hpp
[7.174s] -- Up-to-date: /home/thanhtd71/ros2_ws/src/my_robot_interfaces/install/my_robot_interfaces/include/my_robot_interfaces/my_robot_interfaces/msg/detail
[7.174s] -- Installing: /home/thanhtd71/ros2_ws/src/my_robot_interfaces/install/my_robot_interfaces/include/my_robot_interfaces/my_robot_interfaces/msg/detail/hardware_status__type_support.hpp
[7.175s] -- Installing: /home/thanhtd71/ros2_ws/src/my_robot_interfaces/install/my_robot_interfaces/include/my_robot_interfaces/my_robot_interfaces/msg/detail/hardware_status__traits.hpp
[7.175s] -- Installing: /home/thanhtd71/ros2_ws/src/my_robot_interfaces/install/my_robot_interfaces/include/my_robot_interfaces/my_robot_interfaces/msg/detail/hardware_status__builder.hpp
[7.175s] -- Installing: /home/thanhtd71/ros2_ws/src/my_robot_interfaces/install/my_robot_interfaces/include/my_robot_interfaces/my_robot_interfaces/msg/detail/hardware_status__struct.hpp
[7.175s] -- Installing: /home/thanhtd71/ros2_ws/src/my_robot_interfaces/install/my_robot_interfaces/include/my_robot_interfaces/my_robot_interfaces/msg/hardware_status.hpp
[7.175s] -- Up-to-date: /home/thanhtd71/ros2_ws/src/my_robot_interfaces/install/my_robot_interfaces/include/my_robot_interfaces/my_robot_interfaces/srv
[7.175s] -- Installing: /home/thanhtd71/ros2_ws/src/my_robot_interfaces/install/my_robot_interfaces/include/my_robot_interfaces/my_robot_interfaces/srv/reset_counter.hpp
[7.175s] -- Up-to-date: /home/thanhtd71/ros2_ws/src/my_robot_interfaces/install/my_robot_interfaces/include/my_robot_interfaces/my_robot_interfaces/srv/detail
[7.175s] -- Installing: /home/thanhtd71/ros2_ws/src/my_robot_interfaces/install/my_robot_interfaces/include/my_robot_interfaces/my_robot_interfaces/srv/detail/reset_counter__type_support.hpp
[7.175s] -- Installing: /home/thanhtd71/ros2_ws/src/my_robot_interfaces/install/my_robot_interfaces/include/my_robot_interfaces/my_robot_interfaces/srv/detail/reset_counter__struct.hpp
[7.175s] -- Installing: /home/thanhtd71/ros2_ws/src/my_robot_interfaces/install/my_robot_interfaces/include/my_robot_interfaces/my_robot_interfaces/srv/detail/reset_counter__traits.hpp
[7.175s] -- Installing: /home/thanhtd71/ros2_ws/src/my_robot_interfaces/install/my_robot_interfaces/include/my_robot_interfaces/my_robot_interfaces/srv/detail/reset_counter__builder.hpp
[7.175s] -- Up-to-date: /home/thanhtd71/ros2_ws/src/my_robot_interfaces/install/my_robot_interfaces/include/my_robot_interfaces/my_robot_interfaces/action
[7.175s] -- Up-to-date: /home/thanhtd71/ros2_ws/src/my_robot_interfaces/install/my_robot_interfaces/include/my_robot_interfaces/my_robot_interfaces/action/detail
[7.175s] -- Installing: /home/thanhtd71/ros2_ws/src/my_robot_interfaces/install/my_robot_interfaces/include/my_robot_interfaces/my_robot_interfaces/action/detail/count_until__struct.hpp
[7.175s] -- Installing: /home/thanhtd71/ros2_ws/src/my_robot_interfaces/install/my_robot_interfaces/include/my_robot_interfaces/my_robot_interfaces/action/detail/count_until__traits.hpp
[7.175s] -- Installing: /home/thanhtd71/ros2_ws/src/my_robot_interfaces/install/my_robot_interfaces/include/my_robot_interfaces/my_robot_interfaces/action/detail/count_until__builder.hpp
[7.175s] -- Installing: /home/thanhtd71/ros2_ws/src/my_robot_interfaces/install/my_robot_interfaces/include/my_robot_interfaces/my_robot_interfaces/action/detail/count_until__type_support.hpp
[7.175s] -- Installing: /home/thanhtd71/ros2_ws/src/my_robot_interfaces/install/my_robot_interfaces/include/my_robot_interfaces/my_robot_interfaces/action/count_until.hpp
[7.175s] -- Up-to-date: /home/thanhtd71/ros2_ws/src/my_robot_interfaces/install/my_robot_interfaces/include/my_robot_interfaces/my_robot_interfaces
[7.176s] -- Up-to-date: /home/thanhtd71/ros2_ws/src/my_robot_interfaces/install/my_robot_interfaces/include/my_robot_interfaces/my_robot_interfaces/msg
[7.176s] -- Installing: /home/thanhtd71/ros2_ws/src/my_robot_interfaces/install/my_robot_interfaces/include/my_robot_interfaces/my_robot_interfaces/msg/rosidl_typesupport_fastrtps_cpp__visibility_control.h
[7.176s] -- Up-to-date: /home/thanhtd71/ros2_ws/src/my_robot_interfaces/install/my_robot_interfaces/include/my_robot_interfaces/my_robot_interfaces/msg/detail
[7.176s] -- Installing: /home/thanhtd71/ros2_ws/src/my_robot_interfaces/install/my_robot_interfaces/include/my_robot_interfaces/my_robot_interfaces/msg/detail/hardware_status__rosidl_typesupport_fastrtps_cpp.hpp
[7.176s] -- Installing: /home/thanhtd71/ros2_ws/src/my_robot_interfaces/install/my_robot_interfaces/include/my_robot_interfaces/my_robot_interfaces/msg/detail/dds_fastrtps
[7.176s] -- Up-to-date: /home/thanhtd71/ros2_ws/src/my_robot_interfaces/install/my_robot_interfaces/include/my_robot_interfaces/my_robot_interfaces/srv
[7.176s] -- Up-to-date: /home/thanhtd71/ros2_ws/src/my_robot_interfaces/install/my_robot_interfaces/include/my_robot_interfaces/my_robot_interfaces/srv/detail
[7.176s] -- Installing: /home/thanhtd71/ros2_ws/src/my_robot_interfaces/install/my_robot_interfaces/include/my_robot_interfaces/my_robot_interfaces/srv/detail/reset_counter__rosidl_typesupport_fastrtps_cpp.hpp
[7.176s] -- Installing: /home/thanhtd71/ros2_ws/src/my_robot_interfaces/install/my_robot_interfaces/include/my_robot_interfaces/my_robot_interfaces/srv/detail/dds_fastrtps
[7.176s] -- Up-to-date: /home/thanhtd71/ros2_ws/src/my_robot_interfaces/install/my_robot_interfaces/include/my_robot_interfaces/my_robot_interfaces/action
[7.176s] -- Up-to-date: /home/thanhtd71/ros2_ws/src/my_robot_interfaces/install/my_robot_interfaces/include/my_robot_interfaces/my_robot_interfaces/action/detail
[7.176s] -- Installing: /home/thanhtd71/ros2_ws/src/my_robot_interfaces/install/my_robot_interfaces/include/my_robot_interfaces/my_robot_interfaces/action/detail/count_until__rosidl_typesupport_fastrtps_cpp.hpp
[7.176s] -- Installing: /home/thanhtd71/ros2_ws/src/my_robot_interfaces/install/my_robot_interfaces/include/my_robot_interfaces/my_robot_interfaces/action/detail/dds_fastrtps
[7.176s] -- Installing: /home/thanhtd71/ros2_ws/src/my_robot_interfaces/install/my_robot_interfaces/lib/libmy_robot_interfaces__rosidl_typesupport_fastrtps_cpp.so
[7.176s] -- Set non-toolchain portion of runtime path of "/home/thanhtd71/ros2_ws/src/my_robot_interfaces/install/my_robot_interfaces/lib/libmy_robot_interfaces__rosidl_typesupport_fastrtps_cpp.so" to ""
[7.176s] -- Up-to-date: /home/thanhtd71/ros2_ws/src/my_robot_interfaces/install/my_robot_interfaces/include/my_robot_interfaces/my_robot_interfaces
[7.176s] -- Up-to-date: /home/thanhtd71/ros2_ws/src/my_robot_interfaces/install/my_robot_interfaces/include/my_robot_interfaces/my_robot_interfaces/msg
[7.176s] -- Up-to-date: /home/thanhtd71/ros2_ws/src/my_robot_interfaces/install/my_robot_interfaces/include/my_robot_interfaces/my_robot_interfaces/msg/detail
[7.176s] -- Installing: /home/thanhtd71/ros2_ws/src/my_robot_interfaces/install/my_robot_interfaces/include/my_robot_interfaces/my_robot_interfaces/msg/detail/hardware_status__type_support.cpp
[7.176s] -- Installing: /home/thanhtd71/ros2_ws/src/my_robot_interfaces/install/my_robot_interfaces/include/my_robot_interfaces/my_robot_interfaces/msg/detail/hardware_status__rosidl_typesupport_introspection_cpp.hpp
[7.176s] -- Up-to-date: /home/thanhtd71/ros2_ws/src/my_robot_interfaces/install/my_robot_interfaces/include/my_robot_interfaces/my_robot_interfaces/srv
[7.176s] -- Up-to-date: /home/thanhtd71/ros2_ws/src/my_robot_interfaces/install/my_robot_interfaces/include/my_robot_interfaces/my_robot_interfaces/srv/detail
[7.176s] -- Installing: /home/thanhtd71/ros2_ws/src/my_robot_interfaces/install/my_robot_interfaces/include/my_robot_interfaces/my_robot_interfaces/srv/detail/reset_counter__rosidl_typesupport_introspection_cpp.hpp
[7.177s] -- Installing: /home/thanhtd71/ros2_ws/src/my_robot_interfaces/install/my_robot_interfaces/include/my_robot_interfaces/my_robot_interfaces/srv/detail/reset_counter__type_support.cpp
[7.177s] -- Up-to-date: /home/thanhtd71/ros2_ws/src/my_robot_interfaces/install/my_robot_interfaces/include/my_robot_interfaces/my_robot_interfaces/action
[7.177s] -- Up-to-date: /home/thanhtd71/ros2_ws/src/my_robot_interfaces/install/my_robot_interfaces/include/my_robot_interfaces/my_robot_interfaces/action/detail
[7.177s] -- Installing: /home/thanhtd71/ros2_ws/src/my_robot_interfaces/install/my_robot_interfaces/include/my_robot_interfaces/my_robot_interfaces/action/detail/count_until__rosidl_typesupport_introspection_cpp.hpp
[7.177s] -- Installing: /home/thanhtd71/ros2_ws/src/my_robot_interfaces/install/my_robot_interfaces/include/my_robot_interfaces/my_robot_interfaces/action/detail/count_until__type_support.cpp
[7.177s] -- Installing: /home/thanhtd71/ros2_ws/src/my_robot_interfaces/install/my_robot_interfaces/lib/libmy_robot_interfaces__rosidl_typesupport_introspection_cpp.so
[7.177s] -- Set non-toolchain portion of runtime path of "/home/thanhtd71/ros2_ws/src/my_robot_interfaces/install/my_robot_interfaces/lib/libmy_robot_interfaces__rosidl_typesupport_introspection_cpp.so" to ""
[7.177s] -- Installing: /home/thanhtd71/ros2_ws/src/my_robot_interfaces/install/my_robot_interfaces/lib/libmy_robot_interfaces__rosidl_typesupport_cpp.so
[7.177s] -- Set non-toolchain portion of runtime path of "/home/thanhtd71/ros2_ws/src/my_robot_interfaces/install/my_robot_interfaces/lib/libmy_robot_interfaces__rosidl_typesupport_cpp.so" to ""
[7.177s] -- Installing: /home/thanhtd71/ros2_ws/src/my_robot_interfaces/install/my_robot_interfaces/share/my_robot_interfaces/environment/pythonpath.sh
[7.177s] -- Installing: /home/thanhtd71/ros2_ws/src/my_robot_interfaces/install/my_robot_interfaces/share/my_robot_interfaces/environment/pythonpath.dsv
[7.177s] -- Installing: /home/thanhtd71/ros2_ws/src/my_robot_interfaces/install/my_robot_interfaces/lib/python3.12/site-packages/my_robot_interfaces-0.0.0-py3.12.egg-info
[7.177s] -- Installing: /home/thanhtd71/ros2_ws/src/my_robot_interfaces/install/my_robot_interfaces/lib/python3.12/site-packages/my_robot_interfaces-0.0.0-py3.12.egg-info/SOURCES.txt
[7.177s] -- Installing: /home/thanhtd71/ros2_ws/src/my_robot_interfaces/install/my_robot_interfaces/lib/python3.12/site-packages/my_robot_interfaces-0.0.0-py3.12.egg-info/dependency_links.txt
[7.177s] -- Installing: /home/thanhtd71/ros2_ws/src/my_robot_interfaces/install/my_robot_interfaces/lib/python3.12/site-packages/my_robot_interfaces-0.0.0-py3.12.egg-info/PKG-INFO
[7.177s] -- Installing: /home/thanhtd71/ros2_ws/src/my_robot_interfaces/install/my_robot_interfaces/lib/python3.12/site-packages/my_robot_interfaces-0.0.0-py3.12.egg-info/top_level.txt
[7.177s] -- Installing: /home/thanhtd71/ros2_ws/src/my_robot_interfaces/install/my_robot_interfaces/lib/python3.12/site-packages/my_robot_interfaces
[7.178s] -- Installing: /home/thanhtd71/ros2_ws/src/my_robot_interfaces/install/my_robot_interfaces/lib/python3.12/site-packages/my_robot_interfaces/my_robot_interfaces_s__rosidl_typesupport_fastrtps_c.so
[7.178s] -- Installing: /home/thanhtd71/ros2_ws/src/my_robot_interfaces/install/my_robot_interfaces/lib/python3.12/site-packages/my_robot_interfaces/my_robot_interfaces_s__rosidl_typesupport_c.so
[7.178s] -- Installing: /home/thanhtd71/ros2_ws/src/my_robot_interfaces/install/my_robot_interfaces/lib/python3.12/site-packages/my_robot_interfaces/msg
[7.178s] -- Installing: /home/thanhtd71/ros2_ws/src/my_robot_interfaces/install/my_robot_interfaces/lib/python3.12/site-packages/my_robot_interfaces/msg/_hardware_status_s.c
[7.178s] -- Installing: /home/thanhtd71/ros2_ws/src/my_robot_interfaces/install/my_robot_interfaces/lib/python3.12/site-packages/my_robot_interfaces/msg/_hardware_status.py
[7.178s] -- Installing: /home/thanhtd71/ros2_ws/src/my_robot_interfaces/install/my_robot_interfaces/lib/python3.12/site-packages/my_robot_interfaces/msg/__init__.py
[7.178s] -- Installing: /home/thanhtd71/ros2_ws/src/my_robot_interfaces/install/my_robot_interfaces/lib/python3.12/site-packages/my_robot_interfaces/my_robot_interfaces_s__rosidl_typesupport_introspection_c.so
[7.178s] -- Installing: /home/thanhtd71/ros2_ws/src/my_robot_interfaces/install/my_robot_interfaces/lib/python3.12/site-packages/my_robot_interfaces/_my_robot_interfaces_s.ep.rosidl_typesupport_c.c
[7.178s] -- Installing: /home/thanhtd71/ros2_ws/src/my_robot_interfaces/install/my_robot_interfaces/lib/python3.12/site-packages/my_robot_interfaces/_my_robot_interfaces_s.ep.rosidl_typesupport_fastrtps_c.c
[7.178s] -- Installing: /home/thanhtd71/ros2_ws/src/my_robot_interfaces/install/my_robot_interfaces/lib/python3.12/site-packages/my_robot_interfaces/__init__.py
[7.178s] -- Installing: /home/thanhtd71/ros2_ws/src/my_robot_interfaces/install/my_robot_interfaces/lib/python3.12/site-packages/my_robot_interfaces/srv
[7.178s] -- Installing: /home/thanhtd71/ros2_ws/src/my_robot_interfaces/install/my_robot_interfaces/lib/python3.12/site-packages/my_robot_interfaces/srv/_reset_counter.py
[7.178s] -- Installing: /home/thanhtd71/ros2_ws/src/my_robot_interfaces/install/my_robot_interfaces/lib/python3.12/site-packages/my_robot_interfaces/srv/_reset_counter_s.c
[7.178s] -- Installing: /home/thanhtd71/ros2_ws/src/my_robot_interfaces/install/my_robot_interfaces/lib/python3.12/site-packages/my_robot_interfaces/srv/__init__.py
[7.178s] -- Installing: /home/thanhtd71/ros2_ws/src/my_robot_interfaces/install/my_robot_interfaces/lib/python3.12/site-packages/my_robot_interfaces/action
[7.178s] -- Installing: /home/thanhtd71/ros2_ws/src/my_robot_interfaces/install/my_robot_interfaces/lib/python3.12/site-packages/my_robot_interfaces/action/_count_until_s.c
[7.178s] -- Installing: /home/thanhtd71/ros2_ws/src/my_robot_interfaces/install/my_robot_interfaces/lib/python3.12/site-packages/my_robot_interfaces/action/__init__.py
[7.178s] -- Installing: /home/thanhtd71/ros2_ws/src/my_robot_interfaces/install/my_robot_interfaces/lib/python3.12/site-packages/my_robot_interfaces/action/_count_until.py
[7.179s] -- Installing: /home/thanhtd71/ros2_ws/src/my_robot_interfaces/install/my_robot_interfaces/lib/python3.12/site-packages/my_robot_interfaces/_my_robot_interfaces_s.ep.rosidl_typesupport_introspection_c.c
[7.220s] Listing '/home/thanhtd71/ros2_ws/src/my_robot_interfaces/install/my_robot_interfaces/lib/python3.12/site-packages/my_robot_interfaces'...
[7.220s] Compiling '/home/thanhtd71/ros2_ws/src/my_robot_interfaces/install/my_robot_interfaces/lib/python3.12/site-packages/my_robot_interfaces/__init__.py'...
[7.220s] Listing '/home/thanhtd71/ros2_ws/src/my_robot_interfaces/install/my_robot_interfaces/lib/python3.12/site-packages/my_robot_interfaces/action'...
[7.220s] Compiling '/home/thanhtd71/ros2_ws/src/my_robot_interfaces/install/my_robot_interfaces/lib/python3.12/site-packages/my_robot_interfaces/action/__init__.py'...
[7.221s] Compiling '/home/thanhtd71/ros2_ws/src/my_robot_interfaces/install/my_robot_interfaces/lib/python3.12/site-packages/my_robot_interfaces/action/_count_until.py'...
[7.221s] Listing '/home/thanhtd71/ros2_ws/src/my_robot_interfaces/install/my_robot_interfaces/lib/python3.12/site-packages/my_robot_interfaces/msg'...
[7.221s] Compiling '/home/thanhtd71/ros2_ws/src/my_robot_interfaces/install/my_robot_interfaces/lib/python3.12/site-packages/my_robot_interfaces/msg/__init__.py'...
[7.221s] Compiling '/home/thanhtd71/ros2_ws/src/my_robot_interfaces/install/my_robot_interfaces/lib/python3.12/site-packages/my_robot_interfaces/msg/_hardware_status.py'...
[7.221s] Listing '/home/thanhtd71/ros2_ws/src/my_robot_interfaces/install/my_robot_interfaces/lib/python3.12/site-packages/my_robot_interfaces/srv'...
[7.221s] Compiling '/home/thanhtd71/ros2_ws/src/my_robot_interfaces/install/my_robot_interfaces/lib/python3.12/site-packages/my_robot_interfaces/srv/__init__.py'...
[7.221s] Compiling '/home/thanhtd71/ros2_ws/src/my_robot_interfaces/install/my_robot_interfaces/lib/python3.12/site-packages/my_robot_interfaces/srv/_reset_counter.py'...
[7.225s] -- Installing: /home/thanhtd71/ros2_ws/src/my_robot_interfaces/install/my_robot_interfaces/lib/python3.12/site-packages/my_robot_interfaces/my_robot_interfaces_s__rosidl_typesupport_fastrtps_c.so
[7.225s] -- Set non-toolchain portion of runtime path of "/home/thanhtd71/ros2_ws/src/my_robot_interfaces/install/my_robot_interfaces/lib/python3.12/site-packages/my_robot_interfaces/my_robot_interfaces_s__rosidl_typesupport_fastrtps_c.so" to ""
[7.226s] -- Installing: /home/thanhtd71/ros2_ws/src/my_robot_interfaces/install/my_robot_interfaces/lib/python3.12/site-packages/my_robot_interfaces/my_robot_interfaces_s__rosidl_typesupport_introspection_c.so
[7.226s] -- Set non-toolchain portion of runtime path of "/home/thanhtd71/ros2_ws/src/my_robot_interfaces/install/my_robot_interfaces/lib/python3.12/site-packages/my_robot_interfaces/my_robot_interfaces_s__rosidl_typesupport_introspection_c.so" to ""
[7.226s] -- Installing: /home/thanhtd71/ros2_ws/src/my_robot_interfaces/install/my_robot_interfaces/lib/python3.12/site-packages/my_robot_interfaces/my_robot_interfaces_s__rosidl_typesupport_c.so
[7.227s] -- Set non-toolchain portion of runtime path of "/home/thanhtd71/ros2_ws/src/my_robot_interfaces/install/my_robot_interfaces/lib/python3.12/site-packages/my_robot_interfaces/my_robot_interfaces_s__rosidl_typesupport_c.so" to ""
[7.227s] -- Installing: /home/thanhtd71/ros2_ws/src/my_robot_interfaces/install/my_robot_interfaces/lib/libmy_robot_interfaces__rosidl_generator_py.so
[7.227s] -- Set non-toolchain portion of runtime path of "/home/thanhtd71/ros2_ws/src/my_robot_interfaces/install/my_robot_interfaces/lib/libmy_robot_interfaces__rosidl_generator_py.so" to ""
[7.227s] -- Installing: /home/thanhtd71/ros2_ws/src/my_robot_interfaces/install/my_robot_interfaces/share/ament_index/resource_index/rust_packages/my_robot_interfaces
[7.228s] -- Installing: /home/thanhtd71/ros2_ws/src/my_robot_interfaces/install/my_robot_interfaces/share/my_robot_interfaces/rust
[7.228s] -- Installing: /home/thanhtd71/ros2_ws/src/my_robot_interfaces/install/my_robot_interfaces/share/my_robot_interfaces/rust/build.rs
[7.228s] -- Installing: /home/thanhtd71/ros2_ws/src/my_robot_interfaces/install/my_robot_interfaces/share/my_robot_interfaces/rust/src
[7.228s] -- Installing: /home/thanhtd71/ros2_ws/src/my_robot_interfaces/install/my_robot_interfaces/share/my_robot_interfaces/rust/src/msg
[7.228s] -- Installing: /home/thanhtd71/ros2_ws/src/my_robot_interfaces/install/my_robot_interfaces/share/my_robot_interfaces/rust/src/msg/rmw.rs
[7.228s] -- Installing: /home/thanhtd71/ros2_ws/src/my_robot_interfaces/install/my_robot_interfaces/share/my_robot_interfaces/rust/src/action.rs
[7.228s] -- Installing: /home/thanhtd71/ros2_ws/src/my_robot_interfaces/install/my_robot_interfaces/share/my_robot_interfaces/rust/src/msg.rs
[7.228s] -- Installing: /home/thanhtd71/ros2_ws/src/my_robot_interfaces/install/my_robot_interfaces/share/my_robot_interfaces/rust/src/srv.rs
[7.228s] -- Installing: /home/thanhtd71/ros2_ws/src/my_robot_interfaces/install/my_robot_interfaces/share/my_robot_interfaces/rust/src/lib.rs
[7.228s] -- Installing: /home/thanhtd71/ros2_ws/src/my_robot_interfaces/install/my_robot_interfaces/share/my_robot_interfaces/rust/src/srv
[7.229s] -- Installing: /home/thanhtd71/ros2_ws/src/my_robot_interfaces/install/my_robot_interfaces/share/my_robot_interfaces/rust/src/srv/rmw.rs
[7.229s] -- Installing: /home/thanhtd71/ros2_ws/src/my_robot_interfaces/install/my_robot_interfaces/share/my_robot_interfaces/rust/src/action
[7.229s] -- Installing: /home/thanhtd71/ros2_ws/src/my_robot_interfaces/install/my_robot_interfaces/share/my_robot_interfaces/rust/src/action/rmw.rs
[7.229s] -- Installing: /home/thanhtd71/ros2_ws/src/my_robot_interfaces/install/my_robot_interfaces/share/my_robot_interfaces/rust/Cargo.toml
[7.229s] -- Installing: /home/thanhtd71/ros2_ws/src/my_robot_interfaces/install/my_robot_interfaces/share/my_robot_interfaces/msg/HardwareStatus.idl
[7.229s] -- Installing: /home/thanhtd71/ros2_ws/src/my_robot_interfaces/install/my_robot_interfaces/share/my_robot_interfaces/srv/ResetCounter.idl
[7.229s] -- Installing: /home/thanhtd71/ros2_ws/src/my_robot_interfaces/install/my_robot_interfaces/share/my_robot_interfaces/action/CountUntil.idl
[7.229s] -- Installing: /home/thanhtd71/ros2_ws/src/my_robot_interfaces/install/my_robot_interfaces/share/my_robot_interfaces/msg/HardwareStatus.msg
[7.229s] -- Installing: /home/thanhtd71/ros2_ws/src/my_robot_interfaces/install/my_robot_interfaces/share/my_robot_interfaces/srv/ResetCounter.srv
[7.229s] -- Installing: /home/thanhtd71/ros2_ws/src/my_robot_interfaces/install/my_robot_interfaces/share/my_robot_interfaces/action/CountUntil.action
[7.229s] -- Installing: /home/thanhtd71/ros2_ws/src/my_robot_interfaces/install/my_robot_interfaces/share/ament_index/resource_index/package_run_dependencies/my_robot_interfaces
[7.229s] -- Installing: /home/thanhtd71/ros2_ws/src/my_robot_interfaces/install/my_robot_interfaces/share/ament_index/resource_index/parent_prefix_path/my_robot_interfaces
[7.229s] -- Installing: /home/thanhtd71/ros2_ws/src/my_robot_interfaces/install/my_robot_interfaces/share/my_robot_interfaces/environment/ament_prefix_path.sh
[7.229s] -- Installing: /home/thanhtd71/ros2_ws/src/my_robot_interfaces/install/my_robot_interfaces/share/my_robot_interfaces/environment/ament_prefix_path.dsv
[7.229s] -- Installing: /home/thanhtd71/ros2_ws/src/my_robot_interfaces/install/my_robot_interfaces/share/my_robot_interfaces/environment/path.sh
[7.229s] -- Installing: /home/thanhtd71/ros2_ws/src/my_robot_interfaces/install/my_robot_interfaces/share/my_robot_interfaces/environment/path.dsv
[7.229s] -- Installing: /home/thanhtd71/ros2_ws/src/my_robot_interfaces/install/my_robot_interfaces/share/my_robot_interfaces/local_setup.bash
[7.229s] -- Installing: /home/thanhtd71/ros2_ws/src/my_robot_interfaces/install/my_robot_interfaces/share/my_robot_interfaces/local_setup.sh
[7.229s] -- Installing: /home/thanhtd71/ros2_ws/src/my_robot_interfaces/install/my_robot_interfaces/share/my_robot_interfaces/local_setup.zsh
[7.229s] -- Installing: /home/thanhtd71/ros2_ws/src/my_robot_interfaces/install/my_robot_interfaces/share/my_robot_interfaces/local_setup.dsv
[7.229s] -- Installing: /home/thanhtd71/ros2_ws/src/my_robot_interfaces/install/my_robot_interfaces/share/my_robot_interfaces/package.dsv
[7.229s] -- Installing: /home/thanhtd71/ros2_ws/src/my_robot_interfaces/install/my_robot_interfaces/share/ament_index/resource_index/packages/my_robot_interfaces
[7.229s] -- Installing: /home/thanhtd71/ros2_ws/src/my_robot_interfaces/install/my_robot_interfaces/share/my_robot_interfaces/cmake/export_my_robot_interfaces__rosidl_generator_cExport.cmake
[7.229s] -- Installing: /home/thanhtd71/ros2_ws/src/my_robot_interfaces/install/my_robot_interfaces/share/my_robot_interfaces/cmake/export_my_robot_interfaces__rosidl_generator_cExport-noconfig.cmake
[7.230s] -- Installing: /home/thanhtd71/ros2_ws/src/my_robot_interfaces/install/my_robot_interfaces/share/my_robot_interfaces/cmake/export_my_robot_interfaces__rosidl_typesupport_fastrtps_cExport.cmake
[7.230s] -- Installing: /home/thanhtd71/ros2_ws/src/my_robot_interfaces/install/my_robot_interfaces/share/my_robot_interfaces/cmake/export_my_robot_interfaces__rosidl_typesupport_fastrtps_cExport-noconfig.cmake
[7.230s] -- Installing: /home/thanhtd71/ros2_ws/src/my_robot_interfaces/install/my_robot_interfaces/share/my_robot_interfaces/cmake/my_robot_interfaces__rosidl_typesupport_introspection_cExport.cmake
[7.230s] -- Installing: /home/thanhtd71/ros2_ws/src/my_robot_interfaces/install/my_robot_interfaces/share/my_robot_interfaces/cmake/my_robot_interfaces__rosidl_typesupport_introspection_cExport-noconfig.cmake
[7.230s] -- Installing: /home/thanhtd71/ros2_ws/src/my_robot_interfaces/install/my_robot_interfaces/share/my_robot_interfaces/cmake/my_robot_interfaces__rosidl_typesupport_cExport.cmake
[7.230s] -- Installing: /home/thanhtd71/ros2_ws/src/my_robot_interfaces/install/my_robot_interfaces/share/my_robot_interfaces/cmake/my_robot_interfaces__rosidl_typesupport_cExport-noconfig.cmake
[7.230s] -- Installing: /home/thanhtd71/ros2_ws/src/my_robot_interfaces/install/my_robot_interfaces/share/my_robot_interfaces/cmake/export_my_robot_interfaces__rosidl_generator_cppExport.cmake
[7.230s] -- Installing: /home/thanhtd71/ros2_ws/src/my_robot_interfaces/install/my_robot_interfaces/share/my_robot_interfaces/cmake/export_my_robot_interfaces__rosidl_typesupport_fastrtps_cppExport.cmake
[7.230s] -- Installing: /home/thanhtd71/ros2_ws/src/my_robot_interfaces/install/my_robot_interfaces/share/my_robot_interfaces/cmake/export_my_robot_interfaces__rosidl_typesupport_fastrtps_cppExport-noconfig.cmake
[7.230s] -- Installing: /home/thanhtd71/ros2_ws/src/my_robot_interfaces/install/my_robot_interfaces/share/my_robot_interfaces/cmake/my_robot_interfaces__rosidl_typesupport_introspection_cppExport.cmake
[7.230s] -- Installing: /home/thanhtd71/ros2_ws/src/my_robot_interfaces/install/my_robot_interfaces/share/my_robot_interfaces/cmake/my_robot_interfaces__rosidl_typesupport_introspection_cppExport-noconfig.cmake
[7.230s] -- Installing: /home/thanhtd71/ros2_ws/src/my_robot_interfaces/install/my_robot_interfaces/share/my_robot_interfaces/cmake/my_robot_interfaces__rosidl_typesupport_cppExport.cmake
[7.230s] -- Installing: /home/thanhtd71/ros2_ws/src/my_robot_interfaces/install/my_robot_interfaces/share/my_robot_interfaces/cmake/my_robot_interfaces__rosidl_typesupport_cppExport-noconfig.cmake
[7.230s] -- Installing: /home/thanhtd71/ros2_ws/src/my_robot_interfaces/install/my_robot_interfaces/share/my_robot_interfaces/cmake/export_my_robot_interfaces__rosidl_generator_pyExport.cmake
[7.230s] -- Installing: /home/thanhtd71/ros2_ws/src/my_robot_interfaces/install/my_robot_interfaces/share/my_robot_interfaces/cmake/export_my_robot_interfaces__rosidl_generator_pyExport-noconfig.cmake
[7.231s] -- Installing: /home/thanhtd71/ros2_ws/src/my_robot_interfaces/install/my_robot_interfaces/share/my_robot_interfaces/cmake/rosidl_cmake-extras.cmake
[7.231s] -- Installing: /home/thanhtd71/ros2_ws/src/my_robot_interfaces/install/my_robot_interfaces/share/my_robot_interfaces/cmake/ament_cmake_export_dependencies-extras.cmake
[7.231s] -- Installing: /home/thanhtd71/ros2_ws/src/my_robot_interfaces/install/my_robot_interfaces/share/my_robot_interfaces/cmake/ament_cmake_export_include_directories-extras.cmake
[7.231s] -- Installing: /home/thanhtd71/ros2_ws/src/my_robot_interfaces/install/my_robot_interfaces/share/my_robot_interfaces/cmake/ament_cmake_export_libraries-extras.cmake
[7.231s] -- Installing: /home/thanhtd71/ros2_ws/src/my_robot_interfaces/install/my_robot_interfaces/share/my_robot_interfaces/cmake/ament_cmake_export_targets-extras.cmake
[7.231s] -- Installing: /home/thanhtd71/ros2_ws/src/my_robot_interfaces/install/my_robot_interfaces/share/my_robot_interfaces/cmake/rosidl_cmake_export_typesupport_targets-extras.cmake
[7.231s] -- Installing: /home/thanhtd71/ros2_ws/src/my_robot_interfaces/install/my_robot_interfaces/share/my_robot_interfaces/cmake/rosidl_cmake_export_typesupport_libraries-extras.cmake
[7.231s] -- Installing: /home/thanhtd71/ros2_ws/src/my_robot_interfaces/install/my_robot_interfaces/share/my_robot_interfaces/cmake/rosidl_cmake_aggregate_target-extras.cmake
[7.231s] -- Installing: /home/thanhtd71/ros2_ws/src/my_robot_interfaces/install/my_robot_interfaces/share/my_robot_interfaces/cmake/my_robot_interfacesConfig.cmake
[7.231s] -- Installing: /home/thanhtd71/ros2_ws/src/my_robot_interfaces/install/my_robot_interfaces/share/my_robot_interfaces/cmake/my_robot_interfacesConfig-version.cmake
[7.231s] -- Installing: /home/thanhtd71/ros2_ws/src/my_robot_interfaces/install/my_robot_interfaces/share/my_robot_interfaces/package.xml
[7.233s] Invoked command in '/home/thanhtd71/ros2_ws/src/my_robot_interfaces/build/my_robot_interfaces' returned '0': CMAKE_PREFIX_PATH=${CMAKE_PREFIX_PATH}:/home/thanhtd71/ros2_ws/install/my_py_pkg:/home/thanhtd71/ros2_ws/install/my_first_pkg:/opt/ros/jazzy DEBUGINFOD_URLS=https://debuginfod.ubuntu.com /usr/bin/cmake --install /home/thanhtd71/ros2_ws/src/my_robot_interfaces/build/my_robot_interfaces
